Sat May 30 11:05:30 UTC 2026 - Executing "openroad -exit -no_init -python /openlane/scripts/odbpy/lefutil.py get_metal_layers -o /openlane/designs/noc_router/runs/RUN_2026.05.30_11.05.29/tmp/layers.list /home/puvvadakarthikchowdary/.volare/sky130A/libs.ref/sky130_fd_sc_hd/techlef/sky130_fd_sc_hd__nom.tlef"

Sat May 30 11:05:31 UTC 2026 - Executing "/openlane/scripts/mergeLef.py -o /openlane/designs/noc_router/runs/RUN_2026.05.30_11.05.29/tmp/merged.nom.lef -i /home/puvvadakarthikchowdary/.volare/sky130A/libs.ref/sky130_fd_sc_hd/techlef/sky130_fd_sc_hd__nom.tlef {/home/puvvadakarthikchowdary/.volare/sky130A/libs.ref/sky130_fd_sc_hd/lef/sky130_ef_sc_hd.lef /home/puvvadakarthikchowdary/.volare/sky130A/libs.ref/sky130_fd_sc_hd/lef/sky130_fd_sc_hd.lef} |& tee /dev/null"

Sat May 30 11:05:32 UTC 2026 - Executing "/openlane/scripts/mergeLef.py -o /openlane/designs/noc_router/runs/RUN_2026.05.30_11.05.29/tmp/merged.min.lef -i /home/puvvadakarthikchowdary/.volare/sky130A/libs.ref/sky130_fd_sc_hd/techlef/sky130_fd_sc_hd__min.tlef {/home/puvvadakarthikchowdary/.volare/sky130A/libs.ref/sky130_fd_sc_hd/lef/sky130_ef_sc_hd.lef /home/puvvadakarthikchowdary/.volare/sky130A/libs.ref/sky130_fd_sc_hd/lef/sky130_fd_sc_hd.lef} |& tee /dev/null"

Sat May 30 11:05:32 UTC 2026 - Executing "/openlane/scripts/mergeLef.py -o /openlane/designs/noc_router/runs/RUN_2026.05.30_11.05.29/tmp/merged.max.lef -i /home/puvvadakarthikchowdary/.volare/sky130A/libs.ref/sky130_fd_sc_hd/techlef/sky130_fd_sc_hd__max.tlef {/home/puvvadakarthikchowdary/.volare/sky130A/libs.ref/sky130_fd_sc_hd/lef/sky130_ef_sc_hd.lef /home/puvvadakarthikchowdary/.volare/sky130A/libs.ref/sky130_fd_sc_hd/lef/sky130_fd_sc_hd.lef} |& tee /dev/null"

Sat May 30 11:05:32 UTC 2026 - Executing "python3 /openlane/scripts/mergeLib.py --output /openlane/designs/noc_router/runs/RUN_2026.05.30_11.05.29/tmp/synthesis/merged.lib --name sky130A_merged /home/puvvadakarthikchowdary/.volare/sky130A/libs.ref/sky130_fd_sc_hd/lib/sky130_fd_sc_hd__tt_025C_1v80.lib"

Sat May 30 11:05:33 UTC 2026 - Executing "python3 /openlane/scripts/libtrim.py --cell-file /openlane/designs/noc_router/runs/RUN_2026.05.30_11.05.29/tmp/synthesis/trimmed.lib.exclude.list --output /openlane/designs/noc_router/runs/RUN_2026.05.30_11.05.29/tmp/synthesis/trimmed.lib /openlane/designs/noc_router/runs/RUN_2026.05.30_11.05.29/tmp/synthesis/merged.lib"

Sat May 30 11:05:34 UTC 2026 - Executing "python3 /openlane/scripts/libtrim.py --cell-file /openlane/designs/noc_router/runs/RUN_2026.05.30_11.05.29/tmp/cts/cts.lib.exclude.list --output /openlane/designs/noc_router/runs/RUN_2026.05.30_11.05.29/tmp/cts/cts.lib /home/puvvadakarthikchowdary/.volare/sky130A/libs.ref/sky130_fd_sc_hd/lib/sky130_fd_sc_hd__tt_025C_1v80.lib"

Sat May 30 11:05:34 UTC 2026 - Executing "python3 /openlane/scripts/libtrim.py --cell-file /openlane/designs/noc_router/runs/RUN_2026.05.30_11.05.29/tmp/cts/cts-fastest.lib.exclude.list --output /openlane/designs/noc_router/runs/RUN_2026.05.30_11.05.29/tmp/cts/cts-fastest.lib /home/puvvadakarthikchowdary/.volare/sky130A/libs.ref/sky130_fd_sc_hd/lib/sky130_fd_sc_hd__ff_n40C_1v95.lib"

Sat May 30 11:05:35 UTC 2026 - Executing "python3 /openlane/scripts/libtrim.py --cell-file /openlane/designs/noc_router/runs/RUN_2026.05.30_11.05.29/tmp/cts/cts-slowest.lib.exclude.list --output /openlane/designs/noc_router/runs/RUN_2026.05.30_11.05.29/tmp/cts/cts-slowest.lib /home/puvvadakarthikchowdary/.volare/sky130A/libs.ref/sky130_fd_sc_hd/lib/sky130_fd_sc_hd__ss_100C_1v60.lib"

Sat May 30 11:05:36 UTC 2026 - Executing "python3 /openlane/scripts/new_tracks.py -i /home/puvvadakarthikchowdary/.volare/sky130A/libs.tech/openlane/sky130_fd_sc_hd/tracks.info -o /openlane/designs/noc_router/runs/RUN_2026.05.30_11.05.29/tmp/routing/config.tracks"

Sat May 30 11:05:36 UTC 2026 - Executing "echo {OpenLane ff5509f65b17bfa4068d5336495ab1718987ff69} > /openlane/designs/noc_router/runs/RUN_2026.05.30_11.05.29/OPENLANE_COMMIT"

Sat May 30 11:05:36 UTC 2026 - Executing "bash -c {verilator  --lint-only  -Wall  --Wno-DECLFILENAME  --top-module noc_top  /openlane/designs/noc_router/src/noc_top.v /openlane/designs/noc_router/src/fifo.v /openlane/designs/noc_router/src/router.v /openlane/designs/noc_router/src/arbiter.v -Wno-fatal --relative-includes |& tee /openlane/designs/noc_router/runs/RUN_2026.05.30_11.05.29/logs/synthesis/linter.log /dev/null}"

Sat May 30 11:05:37 UTC 2026 - Executing "sed -E {s/^([[:space:]]+)pg_pin(.*)/\1pin\2\n\1    direction : "inout";/g} /home/puvvadakarthikchowdary/.volare/sky130A/libs.ref/sky130_fd_sc_hd/lib/sky130_fd_sc_hd__tt_025C_1v80.lib > /openlane/designs/noc_router/runs/RUN_2026.05.30_11.05.29/tmp/synthesis/1-sky130_fd_sc_hd__tt_025C_1v80.no_pg.lib"

Sat May 30 11:05:37 UTC 2026 - Executing "sed -E {s/^([[:space:]]+)pg_pin(.*)/\1pin\2\n\1    direction : "inout";/g} /openlane/designs/noc_router/runs/RUN_2026.05.30_11.05.29/tmp/synthesis/trimmed.lib > /openlane/designs/noc_router/runs/RUN_2026.05.30_11.05.29/tmp/synthesis/1-trimmed.no_pg.lib"

Sat May 30 11:05:37 UTC 2026 - Executing "yosys -c /openlane/scripts/yosys/synth.tcl |& tee /dev/null /openlane/designs/noc_router/runs/RUN_2026.05.30_11.05.29/logs/synthesis/1-synthesis.log"

Sat May 30 11:05:39 UTC 2026 - Executing "sed -i.bak -e {s/\(set ::env(CURRENT_NETLIST)\).*/\1 \/openlane\/designs\/noc_router\/runs\/RUN_2026.05.30_11.05.29\/results\/synthesis\/noc_top.v/} /openlane/designs/noc_router/runs/RUN_2026.05.30_11.05.29/config.tcl"

Sat May 30 11:05:39 UTC 2026 - Executing "sed -i.bak /defparam/d /openlane/designs/noc_router/runs/RUN_2026.05.30_11.05.29/results/synthesis/noc_top.v"

Sat May 30 11:05:39 UTC 2026 - Executing "sta -exit -no_init /openlane/scripts/openroad/sta/multi_corner.tcl |& tee /dev/null /openlane/designs/noc_router/runs/RUN_2026.05.30_11.05.29/logs/synthesis/2-sta.log"

Sat May 30 11:05:41 UTC 2026 - Executing "openroad -exit /openlane/scripts/openroad/floorplan.tcl |& tee /dev/null /openlane/designs/noc_router/runs/RUN_2026.05.30_11.05.29/logs/floorplan/3-initial_fp.log"

Sat May 30 11:05:42 UTC 2026 - Executing "openroad -exit -no_init -python /openlane/scripts/odbpy/snap_to_grid.py --output /openlane/designs/noc_router/runs/RUN_2026.05.30_11.05.29/tmp/floorplan/3-minimized_pdn.txt --input-lef /openlane/designs/noc_router/runs/RUN_2026.05.30_11.05.29/tmp/merged.nom.lef 3.5075 3.3999999999999995 7.015 6.799999999999999"

Sat May 30 11:05:43 UTC 2026 - Executing "openroad -exit -no_init -python /openlane/scripts/odbpy/defutil.py extract_core_dims --output-data /openlane/designs/noc_router/runs/RUN_2026.05.30_11.05.29/tmp/dimensions.txt --input-lef /openlane/designs/noc_router/runs/RUN_2026.05.30_11.05.29/tmp/merged.nom.lef /openlane/designs/noc_router/runs/RUN_2026.05.30_11.05.29/tmp/floorplan/3-initial_fp.def"

Sat May 30 11:05:44 UTC 2026 - Executing "openroad -exit /openlane/scripts/openroad/ioplacer.tcl |& tee /dev/null /openlane/designs/noc_router/runs/RUN_2026.05.30_11.05.29/logs/floorplan/4-io.log"

Sat May 30 11:05:45 UTC 2026 - Executing "openroad -exit /openlane/scripts/openroad/tapcell.tcl |& tee /dev/null /openlane/designs/noc_router/runs/RUN_2026.05.30_11.05.29/logs/floorplan/5-tap.log"

Sat May 30 11:05:47 UTC 2026 - Executing "openroad -exit /openlane/scripts/openroad/pdn.tcl |& tee /dev/null /openlane/designs/noc_router/runs/RUN_2026.05.30_11.05.29/logs/floorplan/6-pdn.log"

Sat May 30 11:05:48 UTC 2026 - Executing "openroad -exit /openlane/scripts/openroad/gpl.tcl |& tee /dev/null /openlane/designs/noc_router/runs/RUN_2026.05.30_11.05.29/logs/placement/7-global.log"

Sat May 30 11:05:50 UTC 2026 - Executing "sed -i.bak -e {s/\(set ::env(CURRENT_NETLIST)\).*/\1 \/openlane\/designs\/noc_router\/runs\/RUN_2026.05.30_11.05.29\/tmp\/placement\/7-global.nl.v/} /openlane/designs/noc_router/runs/RUN_2026.05.30_11.05.29/config.tcl"

Sat May 30 11:05:50 UTC 2026 - Executing "openroad -exit /openlane/scripts/openroad/sta/multi_corner.tcl |& tee /dev/null /openlane/designs/noc_router/runs/RUN_2026.05.30_11.05.29/logs/placement/8-gpl_sta.log"

Sat May 30 11:05:55 UTC 2026 - Executing "openroad -exit /openlane/scripts/openroad/resizer.tcl |& tee /dev/null /openlane/designs/noc_router/runs/RUN_2026.05.30_11.05.29/logs/placement/9-resizer.log"

Sat May 30 11:05:58 UTC 2026 - Executing "sed -i.bak -e {s/\(set ::env(CURRENT_NETLIST)\).*/\1 \/openlane\/designs\/noc_router\/runs\/RUN_2026.05.30_11.05.29\/tmp\/placement\/9-resizer.nl.v/} /openlane/designs/noc_router/runs/RUN_2026.05.30_11.05.29/config.tcl"

Sat May 30 11:05:58 UTC 2026 - Executing "openroad -exit /openlane/scripts/openroad/dpl.tcl |& tee /dev/null /openlane/designs/noc_router/runs/RUN_2026.05.30_11.05.29/logs/placement/10-detailed.log"

Sat May 30 11:05:59 UTC 2026 - Executing "sed -i.bak -e {s/\(set ::env(CURRENT_NETLIST)\).*/\1 \/openlane\/designs\/noc_router\/runs\/RUN_2026.05.30_11.05.29\/results\/placement\/noc_top.nl.v/} /openlane/designs/noc_router/runs/RUN_2026.05.30_11.05.29/config.tcl"

Sat May 30 11:05:59 UTC 2026 - Executing "openroad -exit /openlane/scripts/openroad/sta/multi_corner.tcl |& tee /dev/null /openlane/designs/noc_router/runs/RUN_2026.05.30_11.05.29/logs/placement/11-dpl_sta.log"

Sat May 30 11:06:01 UTC 2026 - Executing "openroad -exit /openlane/scripts/openroad/cts.tcl |& tee /dev/null /openlane/designs/noc_router/runs/RUN_2026.05.30_11.05.29/logs/cts/12-cts.log"

Sat May 30 11:07:26 UTC 2026 - Executing "openroad -exit /openlane/scripts/openroad/sta/multi_corner.tcl |& tee /dev/null /openlane/designs/noc_router/runs/RUN_2026.05.30_11.05.29/logs/cts/13-cts_sta.log"

Sat May 30 11:07:28 UTC 2026 - Executing "openroad -exit /openlane/scripts/openroad/resizer_timing.tcl |& tee /dev/null /openlane/designs/noc_router/runs/RUN_2026.05.30_11.05.29/logs/cts/14-resizer.log"

Sat May 30 11:07:31 UTC 2026 - Executing "sed -i.bak -e {s/\(set ::env(CURRENT_NETLIST)\).*/\1 \/openlane\/designs\/noc_router\/runs\/RUN_2026.05.30_11.05.29\/tmp\/cts\/14-noc_top.resized.nl.v/} /openlane/designs/noc_router/runs/RUN_2026.05.30_11.05.29/config.tcl"

Sat May 30 11:07:31 UTC 2026 - Executing "openroad -exit /openlane/scripts/openroad/resizer_routing_design.tcl |& tee /dev/null /openlane/designs/noc_router/runs/RUN_2026.05.30_11.05.29/logs/routing/15-resizer_design.log"

Sat May 30 11:07:35 UTC 2026 - Executing "sed -i.bak -e {s/\(set ::env(CURRENT_NETLIST)\).*/\1 \/openlane\/designs\/noc_router\/runs\/RUN_2026.05.30_11.05.29\/tmp\/15-noc_top.nl.v/} /openlane/designs/noc_router/runs/RUN_2026.05.30_11.05.29/config.tcl"

Sat May 30 11:07:35 UTC 2026 - Executing "openroad -exit /openlane/scripts/openroad/sta/multi_corner.tcl |& tee /dev/null /openlane/designs/noc_router/runs/RUN_2026.05.30_11.05.29/logs/routing/16-rsz_design_sta.log"

Sat May 30 11:07:40 UTC 2026 - Executing "openroad -exit /openlane/scripts/openroad/resizer_routing_timing.tcl |& tee /dev/null /openlane/designs/noc_router/runs/RUN_2026.05.30_11.05.29/logs/routing/17-resizer_timing.log"

Sat May 30 11:07:43 UTC 2026 - Executing "sed -i.bak -e {s/\(set ::env(CURRENT_NETLIST)\).*/\1 \/openlane\/designs\/noc_router\/runs\/RUN_2026.05.30_11.05.29\/tmp\/17-noc_top.nl.v/} /openlane/designs/noc_router/runs/RUN_2026.05.30_11.05.29/config.tcl"

Sat May 30 11:07:43 UTC 2026 - Executing "openroad -exit /openlane/scripts/openroad/sta/multi_corner.tcl |& tee /dev/null /openlane/designs/noc_router/runs/RUN_2026.05.30_11.05.29/logs/routing/18-rsz_timing_sta.log"

Sat May 30 11:07:45 UTC 2026 - Executing "openroad -exit /openlane/scripts/openroad/groute.tcl |& tee /dev/null /openlane/designs/noc_router/runs/RUN_2026.05.30_11.05.29/logs/routing/19-global.log"

Sat May 30 11:07:46 UTC 2026 - Executing "openroad -exit /openlane/scripts/openroad/write_views.tcl |& tee /dev/null /openlane/designs/noc_router/runs/RUN_2026.05.30_11.05.29/logs/routing/19-global_write_netlist.log"

Sat May 30 11:07:47 UTC 2026 - Executing "sed -i.bak -e {s/\(set ::env(CURRENT_NETLIST)\).*/\1 \/openlane\/designs\/noc_router\/runs\/RUN_2026.05.30_11.05.29\/tmp\/routing\/global.nl.v/} /openlane/designs/noc_router/runs/RUN_2026.05.30_11.05.29/config.tcl"

Sat May 30 11:07:48 UTC 2026 - Executing "openroad -exit /openlane/scripts/openroad/sta/multi_corner.tcl |& tee /dev/null /openlane/designs/noc_router/runs/RUN_2026.05.30_11.05.29/logs/routing/21-grt_sta.log"

Sat May 30 11:07:49 UTC 2026 - Executing "openroad -exit /openlane/scripts/openroad/fill.tcl |& tee /dev/null /openlane/designs/noc_router/runs/RUN_2026.05.30_11.05.29/logs/routing/22-fill.log"

Sat May 30 11:07:51 UTC 2026 - Executing "sed -i.bak -e {s/\(set ::env(CURRENT_NETLIST)\).*/\1 \/openlane\/designs\/noc_router\/runs\/RUN_2026.05.30_11.05.29\/tmp\/routing\/22-fill.nl.v/} /openlane/designs/noc_router/runs/RUN_2026.05.30_11.05.29/config.tcl"

Sat May 30 11:07:51 UTC 2026 - Executing "openroad -exit /openlane/scripts/openroad/droute.tcl |& tee /dev/null /openlane/designs/noc_router/runs/RUN_2026.05.30_11.05.29/logs/routing/23-detailed.log"

Sat May 30 11:08:03 UTC 2026 - Executing "sed -i.bak -e {s/\(set ::env(CURRENT_NETLIST)\).*/\1 \/openlane\/designs\/noc_router\/runs\/RUN_2026.05.30_11.05.29\/results\/routing\/noc_top.nl.v/} /openlane/designs/noc_router/runs/RUN_2026.05.30_11.05.29/config.tcl"

Sat May 30 11:08:03 UTC 2026 - Executing "python3 /openlane/scripts/drc_rosetta.py tr to_klayout -o /openlane/designs/noc_router/runs/RUN_2026.05.30_11.05.29/reports/routing/drt.klayout.xml --design-name noc_top /openlane/designs/noc_router/runs/RUN_2026.05.30_11.05.29/reports/routing/drt.drc"

Sat May 30 11:08:04 UTC 2026 - Executing "openroad -exit -no_init -python /openlane/scripts/odbpy/wire_lengths.py --report-out /openlane/designs/noc_router/runs/RUN_2026.05.30_11.05.29/reports/routing/24-wire_lengths.csv --input-lef /openlane/designs/noc_router/runs/RUN_2026.05.30_11.05.29/tmp/merged.nom.lef --output-def /dev/null --output /openlane/designs/noc_router/runs/RUN_2026.05.30_11.05.29/results/routing/noc_top.odb /openlane/designs/noc_router/runs/RUN_2026.05.30_11.05.29/results/routing/noc_top.odb |& tee /dev/null /openlane/designs/noc_router/runs/RUN_2026.05.30_11.05.29/logs/routing/24-wire_lengths.log"

Sat May 30 11:08:05 UTC 2026 - Executing "openroad -exit /openlane/scripts/openroad/rcx.tcl |& tee /dev/null /openlane/designs/noc_router/runs/RUN_2026.05.30_11.05.29/logs/signoff/25-parasitics_extraction.min.log"

Sat May 30 11:08:07 UTC 2026 - Executing "sta -exit -no_init /openlane/scripts/openroad/sta/multi_corner.tcl |& tee /dev/null /openlane/designs/noc_router/runs/RUN_2026.05.30_11.05.29/logs/signoff/26-rcx_mcsta.min.log"

Sat May 30 11:08:09 UTC 2026 - Executing "openroad -exit /openlane/scripts/openroad/rcx.tcl |& tee /dev/null /openlane/designs/noc_router/runs/RUN_2026.05.30_11.05.29/logs/signoff/27-parasitics_extraction.max.log"

Sat May 30 11:08:11 UTC 2026 - Executing "sta -exit -no_init /openlane/scripts/openroad/sta/multi_corner.tcl |& tee /dev/null /openlane/designs/noc_router/runs/RUN_2026.05.30_11.05.29/logs/signoff/28-rcx_mcsta.max.log"

Sat May 30 11:08:16 UTC 2026 - Executing "openroad -exit /openlane/scripts/openroad/rcx.tcl |& tee /dev/null /openlane/designs/noc_router/runs/RUN_2026.05.30_11.05.29/logs/signoff/29-parasitics_extraction.nom.log"

Sat May 30 11:08:18 UTC 2026 - Executing "sta -exit -no_init /openlane/scripts/openroad/sta/multi_corner.tcl |& tee /dev/null /openlane/designs/noc_router/runs/RUN_2026.05.30_11.05.29/logs/signoff/30-rcx_mcsta.nom.log"

Sat May 30 11:08:20 UTC 2026 - Executing "sta -exit -no_init /openlane/scripts/openroad/sta/multi_corner.tcl |& tee /dev/null /openlane/designs/noc_router/runs/RUN_2026.05.30_11.05.29/logs/signoff/31-rcx_sta.log"

Sat May 30 11:08:22 UTC 2026 - Executing "openroad -exit /openlane/scripts/openroad/irdrop.tcl |& tee /dev/null /openlane/designs/noc_router/runs/RUN_2026.05.30_11.05.29/logs/signoff/32-irdrop.log"

Sat May 30 11:08:23 UTC 2026 - Executing "magic -noconsole -dnull -rcfile /home/puvvadakarthikchowdary/.volare/sky130A/libs.tech/magic/sky130A.magicrc < /openlane/scripts/magic/wrapper.tcl |& tee /dev/null /openlane/designs/noc_router/runs/RUN_2026.05.30_11.05.29/logs/signoff/33-gdsii.log"

Sat May 30 11:08:24 UTC 2026 - Executing "magic -noconsole -dnull -rcfile /home/puvvadakarthikchowdary/.volare/sky130A/libs.tech/magic/sky130A.magicrc < /openlane/scripts/magic/wrapper.tcl |& tee /dev/null /openlane/designs/noc_router/runs/RUN_2026.05.30_11.05.29/logs/signoff/33-gds_ptrs.log"

Sat May 30 11:08:25 UTC 2026 - Executing "sed -i.bak -n {/^<< properties >>/,/^<< end >>/p} /openlane/designs/noc_router/runs/RUN_2026.05.30_11.05.29/tmp/signoff/gds_ptrs.mag"

Sat May 30 11:08:26 UTC 2026 - Executing "magic -noconsole -dnull -rcfile /home/puvvadakarthikchowdary/.volare/sky130A/libs.tech/magic/sky130A.magicrc < /openlane/scripts/magic/wrapper.tcl |& tee /dev/null /openlane/designs/noc_router/runs/RUN_2026.05.30_11.05.29/logs/signoff/33-lef.log"

Sat May 30 11:08:26 UTC 2026 - Executing "magic -noconsole -dnull -rcfile /home/puvvadakarthikchowdary/.volare/sky130A/libs.tech/magic/sky130A.magicrc < /openlane/scripts/magic/wrapper.tcl |& tee /dev/null /openlane/designs/noc_router/runs/RUN_2026.05.30_11.05.29/logs/signoff/33-maglef.log"

Sat May 30 11:08:27 UTC 2026 - Executing "python3 /openlane/scripts/klayout/stream_out.py --output /openlane/designs/noc_router/runs/RUN_2026.05.30_11.05.29/results/signoff/noc_top.klayout.gds --lyt /home/puvvadakarthikchowdary/.volare/sky130A/libs.tech/klayout/tech/sky130A.lyt --lym /home/puvvadakarthikchowdary/.volare/sky130A/libs.tech/klayout/tech/sky130A.map --lyp /home/puvvadakarthikchowdary/.volare/sky130A/libs.tech/klayout/tech/sky130A.lyp --top noc_top --with-gds-file /home/puvvadakarthikchowdary/.volare/sky130A/libs.ref/sky130_fd_sc_hd/gds/sky130_fd_sc_hd.gds --input-lef /openlane/designs/noc_router/runs/RUN_2026.05.30_11.05.29/tmp/merged.nom.lef /openlane/designs/noc_router/runs/RUN_2026.05.30_11.05.29/results/routing/noc_top.def |& tee /dev/null /openlane/designs/noc_router/runs/RUN_2026.05.30_11.05.29/logs/signoff/34-gdsii-klayout.log"

Sat May 30 11:08:29 UTC 2026 - Executing "klayout -b -r /openlane/scripts/klayout/xor.drc -rd a=/openlane/designs/noc_router/runs/RUN_2026.05.30_11.05.29/results/signoff/noc_top.gds -rd b=/openlane/designs/noc_router/runs/RUN_2026.05.30_11.05.29/results/signoff/noc_top.klayout.gds -rd jobs=1 -rd rdb_out=/openlane/designs/noc_router/runs/RUN_2026.05.30_11.05.29/reports/signoff/35-xor.xml -rd ignore=81/14 -rd rpt_out=/openlane/designs/noc_router/runs/RUN_2026.05.30_11.05.29/reports/signoff/35-xor.rpt |& tee /dev/null /openlane/designs/noc_router/runs/RUN_2026.05.30_11.05.29/logs/signoff/35-xor.log"

Sat May 30 11:08:31 UTC 2026 - Executing "magic -noconsole -dnull -rcfile /home/puvvadakarthikchowdary/.volare/sky130A/libs.tech/magic/sky130A.magicrc < /openlane/scripts/magic/wrapper.tcl |& tee /dev/null /openlane/designs/noc_router/runs/RUN_2026.05.30_11.05.29/logs/signoff/36-spice.log"

Sat May 30 11:08:32 UTC 2026 - Executing "openroad -exit -no_init -python /openlane/scripts/odbpy/power_utils.py write_powered_def --output /openlane/designs/noc_router/runs/RUN_2026.05.30_11.05.29/tmp/signoff/36-noc_top.p.def --input-lef /openlane/designs/noc_router/runs/RUN_2026.05.30_11.05.29/tmp/merged.nom.lef --power-port VPWR --ground-port VGND --powered-netlist {} /openlane/designs/noc_router/runs/RUN_2026.05.30_11.05.29/results/routing/noc_top.def |& tee /dev/null /openlane/designs/noc_router/runs/RUN_2026.05.30_11.05.29/logs/signoff/37-write_powered_def.log"

Sat May 30 11:08:33 UTC 2026 - Executing "openroad -exit /openlane/scripts/openroad/write_views.tcl |& tee /dev/null /openlane/designs/noc_router/runs/RUN_2026.05.30_11.05.29/logs/signoff/37-write_powered_verilog.log"

Sat May 30 11:08:34 UTC 2026 - Executing "sed -i.bak -e {s/\(set ::env(CURRENT_NETLIST)\).*/\1 \/openlane\/designs\/noc_router\/runs\/RUN_2026.05.30_11.05.29\/tmp\/signoff\/36-noc_top.nl.v/} /openlane/designs/noc_router/runs/RUN_2026.05.30_11.05.29/config.tcl"

Sat May 30 11:08:35 UTC 2026 - Executing "netgen -batch source /openlane/designs/noc_router/runs/RUN_2026.05.30_11.05.29/tmp/signoff/39-setup_file.lef.lvs |& tee /dev/null /openlane/designs/noc_router/runs/RUN_2026.05.30_11.05.29/logs/signoff/39-lvs.lef.log"

Sat May 30 11:08:36 UTC 2026 - Executing "magic -noconsole -dnull -rcfile /home/puvvadakarthikchowdary/.volare/sky130A/libs.tech/magic/sky130A.magicrc < /openlane/scripts/magic/wrapper.tcl |& tee /dev/null /openlane/designs/noc_router/runs/RUN_2026.05.30_11.05.29/logs/signoff/40-drc.log"

Sat May 30 11:08:37 UTC 2026 - Executing "python3 /openlane/scripts/drc_rosetta.py magic to_tcl -o /openlane/designs/noc_router/runs/RUN_2026.05.30_11.05.29/reports/signoff/drc.tcl /openlane/designs/noc_router/runs/RUN_2026.05.30_11.05.29/reports/signoff/drc.rpt"

Sat May 30 11:08:38 UTC 2026 - Executing "python3 /openlane/scripts/drc_rosetta.py magic to_tr -o /openlane/designs/noc_router/runs/RUN_2026.05.30_11.05.29/reports/signoff/drc.tr /openlane/designs/noc_router/runs/RUN_2026.05.30_11.05.29/reports/signoff/drc.rpt"

Sat May 30 11:08:38 UTC 2026 - Executing "python3 /openlane/scripts/drc_rosetta.py tr to_klayout -o /openlane/designs/noc_router/runs/RUN_2026.05.30_11.05.29/reports/signoff/drc.klayout.xml --design-name noc_top /openlane/designs/noc_router/runs/RUN_2026.05.30_11.05.29/reports/signoff/drc.tr"

Sat May 30 11:08:38 UTC 2026 - Executing "python3 /openlane/scripts/drc_rosetta.py magic to_rdb -o /openlane/designs/noc_router/runs/RUN_2026.05.30_11.05.29/reports/signoff/drc.rdb /openlane/designs/noc_router/runs/RUN_2026.05.30_11.05.29/reports/signoff/drc.rpt"

Sat May 30 11:08:39 UTC 2026 - Executing "openroad -exit /openlane/scripts/openroad/antenna_check.tcl |& tee /dev/null /openlane/designs/noc_router/runs/RUN_2026.05.30_11.05.29/logs/signoff/41-arc.log"

Sat May 30 11:08:40 UTC 2026 - Executing "python3 /openlane/scripts/extract_antenna_violators.py --output /openlane/designs/noc_router/runs/RUN_2026.05.30_11.05.29/reports/signoff/41-antenna_violators.rpt --plain-out /openlane/designs/noc_router/runs/RUN_2026.05.30_11.05.29/reports/signoff/41-antenna_violators_pins.txt /openlane/designs/noc_router/runs/RUN_2026.05.30_11.05.29/logs/signoff/41-arc.log"

Sat May 30 11:08:40 UTC 2026 - Executing "awk -v vdd=VPWR -v gnd=VGND -f /home/puvvadakarthikchowdary/.volare/sky130A/libs.tech/openlane/cvc/power.awk /openlane/designs/noc_router/runs/RUN_2026.05.30_11.05.29/tmp/signoff/36-noc_top.nl.v > /openlane/designs/noc_router/runs/RUN_2026.05.30_11.05.29/tmp/signoff/noc_top.power"

Sat May 30 11:08:40 UTC 2026 - Executing "awk -f /home/puvvadakarthikchowdary/.volare/sky130A/libs.tech/openlane/cvc/cdl.awk /home/puvvadakarthikchowdary/.volare/sky130A/libs.ref/sky130_fd_sc_hd/cdl/sky130_fd_sc_hd.cdl /openlane/designs/noc_router/runs/RUN_2026.05.30_11.05.29/results/signoff/noc_top.lef.spice > /openlane/designs/noc_router/runs/RUN_2026.05.30_11.05.29/tmp/signoff/noc_top.cdl"

Sat May 30 11:08:40 UTC 2026 - Executing "cvc_rv /home/puvvadakarthikchowdary/.volare/sky130A/libs.tech/openlane/cvc/cvcrc |& tee /dev/null /openlane/designs/noc_router/runs/RUN_2026.05.30_11.05.29/logs/signoff/42-erc_screen.log"

