
 /----------------------------------------------------------------------------\
 |                                                                            |
 |  yosys -- Yosys Open SYnthesis Suite                                       |
 |                                                                            |
 |  Copyright (C) 2012 - 2020  Claire Xenia Wolf <claire@yosyshq.com>         |
 |                                                                            |
 |  Permission to use, copy, modify, and/or distribute this software for any  |
 |  purpose with or without fee is hereby granted, provided that the above    |
 |  copyright notice and this permission notice appear in all copies.         |
 |                                                                            |
 |  THE SOFTWARE IS PROVIDED "AS IS" AND THE AUTHOR DISCLAIMS ALL WARRANTIES  |
 |  WITH REGARD TO THIS SOFTWARE INCLUDING ALL IMPLIED WARRANTIES OF          |
 |  MERCHANTABILITY AND FITNESS. IN NO EVENT SHALL THE AUTHOR BE LIABLE FOR   |
 |  ANY SPECIAL, DIRECT, INDIRECT, OR CONSEQUENTIAL DAMAGES OR ANY DAMAGES    |
 |  WHATSOEVER RESULTING FROM LOSS OF USE, DATA OR PROFITS, WHETHER IN AN     |
 |  ACTION OF CONTRACT, NEGLIGENCE OR OTHER TORTIOUS ACTION, ARISING OUT OF   |
 |  OR IN CONNECTION WITH THE USE OR PERFORMANCE OF THIS SOFTWARE.            |
 |                                                                            |
 \----------------------------------------------------------------------------/

 Yosys 0.30+48 (git sha1 14d50a176d5, gcc 8.3.1 -fPIC -Os)

[TCL: yosys -import] Command name collision: found pre-existing command `cd' -> skip.
[TCL: yosys -import] Command name collision: found pre-existing command `eval' -> skip.
[TCL: yosys -import] Command name collision: found pre-existing command `exec' -> skip.
[TCL: yosys -import] Command name collision: found pre-existing command `read' -> skip.
[TCL: yosys -import] Command name collision: found pre-existing command `trace' -> skip.

1. Executing Verilog-2005 frontend: /openlane/designs/noc_router/src/noc_top.v
Parsing SystemVerilog input from `/openlane/designs/noc_router/src/noc_top.v' to AST representation.
Generating RTLIL representation for module `\noc_top'.
Successfully finished Verilog frontend.

2. Executing Verilog-2005 frontend: /openlane/designs/noc_router/src/fifo.v
Parsing SystemVerilog input from `/openlane/designs/noc_router/src/fifo.v' to AST representation.
Generating RTLIL representation for module `\fifo'.
Warning: Replacing memory \mem with list of registers. See /openlane/designs/noc_router/src/fifo.v:27
Successfully finished Verilog frontend.

3. Executing Verilog-2005 frontend: /openlane/designs/noc_router/src/router.v
Parsing SystemVerilog input from `/openlane/designs/noc_router/src/router.v' to AST representation.
Generating RTLIL representation for module `\router'.
Successfully finished Verilog frontend.

4. Executing Verilog-2005 frontend: /openlane/designs/noc_router/src/tb_noc.v
Parsing SystemVerilog input from `/openlane/designs/noc_router/src/tb_noc.v' to AST representation.
Generating RTLIL representation for module `\tb'.
/openlane/designs/noc_router/src/tb_noc.v:0: Warning: Ignoring call to system task $dumpfile.
/openlane/designs/noc_router/src/tb_noc.v:0: Warning: Ignoring call to system task $dumpvars.
/openlane/designs/noc_router/src/tb_noc.v:0: ERROR: System task `$finish' executed.
