Instance name,  X location,  Y location,  Voltage 
_46_, 30.07, 35.36, 1.79997
FILLER_0_9_48, 30.07, 35.36, 1.79997
hold6, 30.07, 29.92, 1.79996
_43_, 30.07, 24.48, 1.79995
_44_, 30.07, 24.48, 1.79995
_47_, 30.07, 24.48, 1.79995
output6, 30.07, 24.48, 1.79995
hold4, 30.07, 19.04, 1.79995
FILLER_0_4_55, 30.07, 19.04, 1.79995
input1, 30.07, 13.6, 1.79995
FILLER_0_1_52, 30.07, 13.6, 1.79995
_35_, 23.055, 35.36, 1.79997
_37_, 23.055, 35.36, 1.79997
output3, 23.055, 35.36, 1.79997
FILLER_0_9_32, 23.055, 35.36, 1.79997
_36_, 23.055, 29.92, 1.79996
_54_, 23.055, 29.92, 1.79996
hold5, 23.055, 29.92, 1.79996
_28_, 23.055, 24.48, 1.79995
FILLER_0_5_36, 23.055, 24.48, 1.79995
FILLER_0_5_44, 23.055, 24.48, 1.79995
_30_, 23.055, 19.04, 1.79994
_31_, 23.055, 19.04, 1.79994
_32_, 23.055, 19.04, 1.79994
_52_, 23.055, 19.04, 1.79994
_29_, 23.055, 13.6, 1.79994
_51_, 23.055, 13.6, 1.79994
output2, 23.055, 13.6, 1.79994
output4, 23.055, 13.6, 1.79994
_38_, 16.04, 35.36, 1.79997
_40_, 16.04, 35.36, 1.79997
_49_, 16.04, 35.36, 1.79997
FILLER_0_9_19, 16.04, 35.36, 1.79997
hold3, 16.04, 29.92, 1.79996
_48_, 16.04, 24.48, 1.79994
_55_, 16.04, 24.48, 1.79994
clkbuf_1_1__f_clk, 16.04, 24.48, 1.79994
_26_, 16.04, 19.04, 1.79992
_33_, 16.04, 19.04, 1.79992
clkbuf_0_clk, 16.04, 19.04, 1.79992
hold1, 16.04, 19.04, 1.79992
output7, 16.04, 13.6, 1.79994
FILLER_0_1_28, 16.04, 13.6, 1.79994
FILLER_0_2_25, 16.04, 13.6, 1.79994
_41_, 9.025, 35.36, 1.79996
output8, 9.025, 35.36, 1.79996
output9, 9.025, 35.36, 1.79996
_39_, 9.025, 29.92, 1.79995
_56_, 9.025, 29.92, 1.79995
_57_, 9.025, 29.92, 1.79995
_25_, 9.025, 19.04, 1.79993
_34_, 9.025, 19.04, 1.79993
_45_, 9.025, 19.04, 1.79993
_50_, 9.025, 19.04, 1.79993
FILLER_0_4_15, 9.025, 19.04, 1.79993
_42_, 9.025, 13.6, 1.79992
_53_, 9.025, 13.6, 1.79992
clkbuf_1_0__f_clk, 9.025, 13.6, 1.79992
PHY_16, 5.52, 35.36, 1.79996
PHY_18, 5.52, 35.36, 1.79996
FILLER_0_9_3, 5.52, 35.36, 1.79996
PHY_17, 33.58, 35.36, 1.79997
PHY_19, 33.58, 35.36, 1.79997
PHY_12, 5.52, 29.92, 1.79995
PHY_14, 5.52, 29.92, 1.79995
hold2, 5.52, 29.92, 1.79995
PHY_13, 33.58, 29.92, 1.79996
PHY_15, 33.58, 29.92, 1.79996
PHY_8, 5.52, 24.48, 1.79995
PHY_10, 5.52, 24.48, 1.79995
PHY_9, 33.58, 24.48, 1.79995
PHY_11, 33.58, 24.48, 1.79995
PHY_4, 5.52, 19.04, 1.79992
PHY_6, 5.52, 19.04, 1.79992
output5, 5.52, 19.04, 1.79992
PHY_5, 33.58, 19.04, 1.79995
PHY_7, 33.58, 19.04, 1.79995
_27_, 5.52, 13.6, 1.79992
PHY_0, 5.52, 13.6, 1.79992
PHY_2, 5.52, 13.6, 1.79992
PHY_1, 33.58, 13.6, 1.79995
PHY_3, 33.58, 13.6, 1.79995

