Instance name,  X location,  Y location,  Voltage 
PHY_19, 33.37, 38.08, 2.66587e-05
_46_, 33.37, 32.64, 3.18596e-05
PHY_15, 33.37, 32.64, 3.18596e-05
PHY_17, 33.37, 32.64, 3.18596e-05
PHY_11, 33.37, 27.2, 2.96532e-05
PHY_13, 33.37, 27.2, 2.96532e-05
PHY_7, 33.37, 21.76, 4.27027e-05
PHY_9, 33.37, 21.76, 4.27027e-05
FILLER_0_4_55, 33.37, 21.76, 4.27027e-05
PHY_3, 33.37, 16.32, 3.67791e-05
PHY_5, 33.37, 16.32, 3.67791e-05
PHY_1, 33.37, 10.88, 3.8687e-05
_37_, 26.355, 38.08, 2.81287e-05
output3, 26.355, 38.08, 2.81287e-05
hold5, 26.355, 32.64, 3.7022e-05
FILLER_0_9_48, 26.355, 32.64, 3.7022e-05
_28_, 26.355, 27.2, 3.4133e-05
hold6, 26.355, 27.2, 3.4133e-05
FILLER_0_5_44, 26.355, 27.2, 3.4133e-05
_31_, 26.355, 21.76, 5.58127e-05
_43_, 26.355, 21.76, 5.58127e-05
_44_, 26.355, 21.76, 5.58127e-05
_47_, 26.355, 21.76, 5.58127e-05
output6, 26.355, 21.76, 5.58127e-05
_52_, 26.355, 16.32, 4.44587e-05
hold4, 26.355, 16.32, 4.44587e-05
_29_, 26.355, 10.88, 4.71832e-05
input1, 26.355, 10.88, 4.71832e-05
output4, 26.355, 10.88, 4.71832e-05
FILLER_0_1_52, 26.355, 10.88, 4.71832e-05
_38_, 19.34, 38.08, 2.75904e-05
_35_, 19.34, 32.64, 4.37456e-05
hold3, 19.34, 32.64, 4.37456e-05
FILLER_0_9_32, 19.34, 32.64, 4.37456e-05
_36_, 19.34, 27.2, 4.28476e-05
_48_, 19.34, 27.2, 4.28476e-05
_54_, 19.34, 27.2, 4.28476e-05
_55_, 19.34, 27.2, 4.28476e-05
_26_, 19.34, 21.76, 7.32062e-05
_33_, 19.34, 21.76, 7.32062e-05
clkbuf_0_clk, 19.34, 21.76, 7.32062e-05
FILLER_0_5_36, 19.34, 21.76, 7.32062e-05
_30_, 19.34, 16.32, 4.90612e-05
_32_, 19.34, 16.32, 4.90612e-05
FILLER_0_1_28, 19.34, 16.32, 4.90612e-05
FILLER_0_2_25, 19.34, 16.32, 4.90612e-05
_51_, 19.34, 10.88, 5.75235e-05
output2, 19.34, 10.88, 5.75235e-05
output7, 19.34, 10.88, 5.75235e-05
output9, 12.325, 38.08, 2.81324e-05
_39_, 12.325, 32.64, 5.47537e-05
_40_, 12.325, 32.64, 5.47537e-05
_49_, 12.325, 32.64, 5.47537e-05
_56_, 12.325, 32.64, 5.47537e-05
FILLER_0_9_19, 12.325, 32.64, 5.47537e-05
_25_, 12.325, 21.76, 7.83561e-05
_34_, 12.325, 21.76, 7.83561e-05
clkbuf_1_1__f_clk, 12.325, 21.76, 7.83561e-05
FILLER_0_4_15, 12.325, 21.76, 7.83561e-05
_45_, 12.325, 16.32, 6.36996e-05
_53_, 12.325, 16.32, 6.36996e-05
hold1, 12.325, 16.32, 6.36996e-05
clkbuf_1_0__f_clk, 12.325, 10.88, 7.04232e-05
PHY_18, 5.52, 38.08, 2.81324e-05
_41_, 5.52, 32.64, 6.90191e-05
PHY_14, 5.52, 32.64, 6.90191e-05
PHY_16, 5.52, 32.64, 6.90191e-05
output8, 5.52, 32.64, 6.90191e-05
FILLER_0_9_3, 5.52, 32.64, 6.90191e-05
_57_, 5.52, 27.2, 4.93123e-05
PHY_10, 5.52, 27.2, 4.93123e-05
PHY_12, 5.52, 27.2, 4.93123e-05
hold2, 5.52, 27.2, 4.93123e-05
PHY_6, 5.52, 21.76, 7.83561e-05
PHY_8, 5.52, 21.76, 7.83561e-05
_50_, 5.52, 16.32, 8.56674e-05
PHY_2, 5.52, 16.32, 8.56674e-05
PHY_4, 5.52, 16.32, 8.56674e-05
output5, 5.52, 16.32, 8.56674e-05
_27_, 5.52, 10.88, 7.1177e-05
_42_, 5.52, 10.88, 7.1177e-05
PHY_0, 5.52, 10.88, 7.1177e-05

