
===========================================================================
 report_power
============================================================================
======================= Fastest Corner ===================================

Group                  Internal  Switching    Leakage      Total
                          Power      Power      Power      Power (Watts)
----------------------------------------------------------------
Sequential             4.61e-05   9.37e-06   3.78e-08   5.56e-05  27.8%
Combinational          8.90e-05   5.56e-05   6.97e-10   1.45e-04  72.2%
Macro                  0.00e+00   0.00e+00   0.00e+00   0.00e+00   0.0%
Pad                    0.00e+00   0.00e+00   0.00e+00   0.00e+00   0.0%
----------------------------------------------------------------
Total                  1.35e-04   6.50e-05   3.85e-08   2.00e-04 100.0%
                          67.5%      32.5%       0.0%

======================= Slowest Corner ===================================

Group                  Internal  Switching    Leakage      Total
                          Power      Power      Power      Power (Watts)
----------------------------------------------------------------
Sequential             3.11e-05   6.06e-06   1.51e-07   3.73e-05  27.1%
Combinational          6.31e-05   3.68e-05   2.54e-07   1.00e-04  72.9%
Macro                  0.00e+00   0.00e+00   0.00e+00   0.00e+00   0.0%
Pad                    0.00e+00   0.00e+00   0.00e+00   0.00e+00   0.0%
----------------------------------------------------------------
Total                  9.41e-05   4.28e-05   4.05e-07   1.37e-04 100.0%
                          68.5%      31.2%       0.3%

======================= Typical Corner ===================================

Group                  Internal  Switching    Leakage      Total
                          Power      Power      Power      Power (Watts)
----------------------------------------------------------------
Sequential             3.98e-05   7.80e-06   3.78e-08   4.77e-05  27.6%
Combinational          7.78e-05   4.70e-05   2.85e-10   1.25e-04  72.4%
Macro                  0.00e+00   0.00e+00   0.00e+00   0.00e+00   0.0%
Pad                    0.00e+00   0.00e+00   0.00e+00   0.00e+00   0.0%
----------------------------------------------------------------
Total                  1.18e-04   5.48e-05   3.80e-08   1.72e-04 100.0%
                          68.2%      31.8%       0.0%

