
 /----------------------------------------------------------------------------\
 |                                                                            |
 |  yosys -- Yosys Open SYnthesis Suite                                       |
 |                                                                            |
 |  Copyright (C) 2012 - 2020  Claire Xenia Wolf <claire@yosyshq.com>         |
 |                                                                            |
 |  Permission to use, copy, modify, and/or distribute this software for any  |
 |  purpose with or without fee is hereby granted, provided that the above    |
 |  copyright notice and this permission notice appear in all copies.         |
 |                                                                            |
 |  THE SOFTWARE IS PROVIDED "AS IS" AND THE AUTHOR DISCLAIMS ALL WARRANTIES  |
 |  WITH REGARD TO THIS SOFTWARE INCLUDING ALL IMPLIED WARRANTIES OF          |
 |  MERCHANTABILITY AND FITNESS. IN NO EVENT SHALL THE AUTHOR BE LIABLE FOR   |
 |  ANY SPECIAL, DIRECT, INDIRECT, OR CONSEQUENTIAL DAMAGES OR ANY DAMAGES    |
 |  WHATSOEVER RESULTING FROM LOSS OF USE, DATA OR PROFITS, WHETHER IN AN     |
 |  ACTION OF CONTRACT, NEGLIGENCE OR OTHER TORTIOUS ACTION, ARISING OUT OF   |
 |  OR IN CONNECTION WITH THE USE OR PERFORMANCE OF THIS SOFTWARE.            |
 |                                                                            |
 \----------------------------------------------------------------------------/

 Yosys 0.30+48 (git sha1 14d50a176d5, gcc 8.3.1 -fPIC -Os)

[TCL: yosys -import] Command name collision: found pre-existing command `cd' -> skip.
[TCL: yosys -import] Command name collision: found pre-existing command `eval' -> skip.
[TCL: yosys -import] Command name collision: found pre-existing command `exec' -> skip.
[TCL: yosys -import] Command name collision: found pre-existing command `read' -> skip.
[TCL: yosys -import] Command name collision: found pre-existing command `trace' -> skip.

1. Executing Verilog-2005 frontend: /openlane/designs/noc_router/src/noc_top.v
Parsing SystemVerilog input from `/openlane/designs/noc_router/src/noc_top.v' to AST representation.
Generating RTLIL representation for module `\noc_top'.
Successfully finished Verilog frontend.

2. Executing Verilog-2005 frontend: /openlane/designs/noc_router/src/fifo.v
Parsing SystemVerilog input from `/openlane/designs/noc_router/src/fifo.v' to AST representation.
Generating RTLIL representation for module `\fifo'.
Warning: Replacing memory \mem with list of registers. See /openlane/designs/noc_router/src/fifo.v:27
Successfully finished Verilog frontend.

3. Executing Verilog-2005 frontend: /openlane/designs/noc_router/src/router.v
Parsing SystemVerilog input from `/openlane/designs/noc_router/src/router.v' to AST representation.
Generating RTLIL representation for module `\router'.
Successfully finished Verilog frontend.

4. Executing Verilog-2005 frontend: /openlane/designs/noc_router/src/arbiter.v
Parsing SystemVerilog input from `/openlane/designs/noc_router/src/arbiter.v' to AST representation.
Generating RTLIL representation for module `\arbiter'.
Successfully finished Verilog frontend.

5. Generating Graphviz representation of design.
Writing dot description to `/openlane/designs/noc_router/runs/RUN_2026.05.30_11.02.00/tmp/synthesis/hierarchy.dot'.
Dumping module noc_top to page 1.

6. Executing HIERARCHY pass (managing design hierarchy).

6.1. Analyzing design hierarchy..
Top module:  \noc_top
Used module:     \router

6.2. Analyzing design hierarchy..
Top module:  \noc_top
Used module:     \router
Removing unused module `\arbiter'.
Removing unused module `\fifo'.
Removed 2 unused modules.

7. Executing TRIBUF pass.

8. Executing HIERARCHY pass (managing design hierarchy).

8.1. Analyzing design hierarchy..
Top module:  \noc_top
Used module:     \router

8.2. Analyzing design hierarchy..
Top module:  \noc_top
Used module:     \router
Removed 0 unused modules.

9. Executing PROC_CLEAN pass (remove empty switches from decision trees).
Cleaned up 0 empty switches.

10. Executing PROC_RMDEAD pass (remove dead branches from decision trees).
Marked 1 switch rules as full_case in process $proc$/openlane/designs/noc_router/src/noc_top.v:16$1 in module noc_top.
Removed a total of 0 dead cases.

11. Executing PROC_PRUNE pass (remove redundant assignments in processes).
Removed 1 redundant assignment.
Promoted 2 assignments to connections.

12. Executing PROC_INIT pass (extract init attributes).

13. Executing PROC_ARST pass (detect async resets in processes).
Found async reset \rst in `\noc_top.$proc$/openlane/designs/noc_router/src/noc_top.v:16$1'.

14. Executing PROC_ROM pass (convert switches to ROMs).
Converted 0 switches.

15. Executing PROC_MUX pass (convert decision trees to multiplexers).
Creating decoders for process `\router.$proc$/openlane/designs/noc_router/src/router.v:7$29'.
Creating decoders for process `\noc_top.$proc$/openlane/designs/noc_router/src/noc_top.v:16$1'.
     1/1: $0\counter[9:0]

16. Executing PROC_DLATCH pass (convert process syncs to latches).
No latch inferred for signal `\router.\port' from process `\router.$proc$/openlane/designs/noc_router/src/router.v:7$29'.
No latch inferred for signal `\router.\data_out' from process `\router.$proc$/openlane/designs/noc_router/src/router.v:7$29'.

17. Executing PROC_DFF pass (convert process syncs to FFs).
Creating register for signal `\noc_top.\counter' using process `\noc_top.$proc$/openlane/designs/noc_router/src/noc_top.v:16$1'.
  created $adff cell `$procdff$35' with positive edge clock and positive level reset.

18. Executing PROC_MEMWR pass (convert process memory writes to cells).

19. Executing PROC_CLEAN pass (remove empty switches from decision trees).
Removing empty process `router.$proc$/openlane/designs/noc_router/src/router.v:7$29'.
Removing empty process `noc_top.$proc$/openlane/designs/noc_router/src/noc_top.v:16$1'.
Cleaned up 0 empty switches.

20. Executing CHECK pass (checking for obvious problems).
Checking module router...
Checking module noc_top...
Found and reported 0 problems.

21. Executing OPT_EXPR pass (perform const folding).
Optimizing module router.
Optimizing module noc_top.

22. Executing FLATTEN pass (flatten design).
Deleting now unused module router.
<suppressed ~1 debug messages>

23. Executing OPT_EXPR pass (perform const folding).
Optimizing module noc_top.

24. Executing OPT_CLEAN pass (remove unused cells and wires).
Finding unused cells or wires in module \noc_top..
Removed 2 unused cells and 11 unused wires.
<suppressed ~10 debug messages>

25. Executing OPT pass (performing simple optimizations).

25.1. Executing OPT_EXPR pass (perform const folding).
Optimizing module noc_top.

25.2. Executing OPT_MERGE pass (detect identical cells).
Finding identical cells in module `\noc_top'.
Removed a total of 0 cells.

25.3. Executing OPT_MUXTREE pass (detect dead branches in mux trees).
Running muxtree optimizer on module \noc_top..
  Creating internal representation of mux trees.
  No muxes found in this module.
Removed 0 multiplexer ports.

25.4. Executing OPT_REDUCE pass (consolidate $*mux and $reduce_* inputs).
  Optimizing cells in module \noc_top.
Performed a total of 0 changes.

25.5. Executing OPT_MERGE pass (detect identical cells).
Finding identical cells in module `\noc_top'.
Removed a total of 0 cells.

25.6. Executing OPT_DFF pass (perform DFF optimizations).

25.7. Executing OPT_CLEAN pass (remove unused cells and wires).
Finding unused cells or wires in module \noc_top..

25.8. Executing OPT_EXPR pass (perform const folding).
Optimizing module noc_top.

25.9. Finished OPT passes. (There is nothing left to do.)

26. Executing FSM pass (extract and optimize FSM).

26.1. Executing FSM_DETECT pass (finding FSMs in design).

26.2. Executing FSM_EXTRACT pass (extracting FSM from design).

26.3. Executing FSM_OPT pass (simple optimizations of FSMs).

26.4. Executing OPT_CLEAN pass (remove unused cells and wires).
Finding unused cells or wires in module \noc_top..

26.5. Executing FSM_OPT pass (simple optimizations of FSMs).

26.6. Executing FSM_RECODE pass (re-assigning FSM state encoding).

26.7. Executing FSM_INFO pass (dumping all available information on FSM cells).

26.8. Executing FSM_MAP pass (mapping FSMs to basic logic).

27. Executing OPT pass (performing simple optimizations).

27.1. Executing OPT_EXPR pass (perform const folding).
Optimizing module noc_top.

27.2. Executing OPT_MERGE pass (detect identical cells).
Finding identical cells in module `\noc_top'.
Removed a total of 0 cells.

27.3. Executing OPT_MUXTREE pass (detect dead branches in mux trees).
Running muxtree optimizer on module \noc_top..
  Creating internal representation of mux trees.
  No muxes found in this module.
Removed 0 multiplexer ports.

27.4. Executing OPT_REDUCE pass (consolidate $*mux and $reduce_* inputs).
  Optimizing cells in module \noc_top.
Performed a total of 0 changes.

27.5. Executing OPT_MERGE pass (detect identical cells).
Finding identical cells in module `\noc_top'.
Removed a total of 0 cells.

27.6. Executing OPT_DFF pass (perform DFF optimizations).

27.7. Executing OPT_CLEAN pass (remove unused cells and wires).
Finding unused cells or wires in module \noc_top..

27.8. Executing OPT_EXPR pass (perform const folding).
Optimizing module noc_top.

27.9. Finished OPT passes. (There is nothing left to do.)

28. Executing WREDUCE pass (reducing word size of cells).

29. Executing PEEPOPT pass (run peephole optimizers).

30. Executing OPT_CLEAN pass (remove unused cells and wires).
Finding unused cells or wires in module \noc_top..

31. Executing ALUMACC pass (create $alu and $macc cells).
Extracting $alu and $macc cells in module noc_top:
  created 0 $alu and 0 $macc cells.

32. Executing SHARE pass (SAT-based resource sharing).

33. Executing OPT pass (performing simple optimizations).

33.1. Executing OPT_EXPR pass (perform const folding).
Optimizing module noc_top.

33.2. Executing OPT_MERGE pass (detect identical cells).
Finding identical cells in module `\noc_top'.
Removed a total of 0 cells.

33.3. Executing OPT_MUXTREE pass (detect dead branches in mux trees).
Running muxtree optimizer on module \noc_top..
  Creating internal representation of mux trees.
  No muxes found in this module.
Removed 0 multiplexer ports.

33.4. Executing OPT_REDUCE pass (consolidate $*mux and $reduce_* inputs).
  Optimizing cells in module \noc_top.
Performed a total of 0 changes.

33.5. Executing OPT_MERGE pass (detect identical cells).
Finding identical cells in module `\noc_top'.
Removed a total of 0 cells.

33.6. Executing OPT_DFF pass (perform DFF optimizations).

33.7. Executing OPT_CLEAN pass (remove unused cells and wires).
Finding unused cells or wires in module \noc_top..

33.8. Executing OPT_EXPR pass (perform const folding).
Optimizing module noc_top.

33.9. Finished OPT passes. (There is nothing left to do.)

34. Executing MEMORY pass.

34.1. Executing OPT_MEM pass (optimize memories).
Performed a total of 0 transformations.

34.2. Executing OPT_MEM_PRIORITY pass (removing unnecessary memory write priority relations).
Performed a total of 0 transformations.

34.3. Executing OPT_MEM_FEEDBACK pass (finding memory read-to-write feedback paths).

34.4. Executing MEMORY_BMUX2ROM pass (converting muxes to ROMs).

34.5. Executing MEMORY_DFF pass (merging $dff cells to $memrd).

34.6. Executing OPT_CLEAN pass (remove unused cells and wires).
Finding unused cells or wires in module \noc_top..

34.7. Executing MEMORY_SHARE pass (consolidating $memrd/$memwr cells).

34.8. Executing OPT_MEM_WIDEN pass (optimize memories where all ports are wide).
Performed a total of 0 transformations.

34.9. Executing OPT_CLEAN pass (remove unused cells and wires).
Finding unused cells or wires in module \noc_top..

34.10. Executing MEMORY_COLLECT pass (generating $mem cells).

35. Executing OPT_CLEAN pass (remove unused cells and wires).
Finding unused cells or wires in module \noc_top..

36. Executing OPT pass (performing simple optimizations).

36.1. Executing OPT_EXPR pass (perform const folding).
Optimizing module noc_top.

36.2. Executing OPT_MERGE pass (detect identical cells).
Finding identical cells in module `\noc_top'.
Removed a total of 0 cells.

36.3. Executing OPT_DFF pass (perform DFF optimizations).

36.4. Executing OPT_CLEAN pass (remove unused cells and wires).
Finding unused cells or wires in module \noc_top..

36.5. Finished fast OPT passes.

37. Executing MEMORY_MAP pass (converting memories to logic and flip-flops).

38. Executing OPT pass (performing simple optimizations).

38.1. Executing OPT_EXPR pass (perform const folding).
Optimizing module noc_top.

38.2. Executing OPT_MERGE pass (detect identical cells).
Finding identical cells in module `\noc_top'.
Removed a total of 0 cells.

38.3. Executing OPT_MUXTREE pass (detect dead branches in mux trees).
Running muxtree optimizer on module \noc_top..
  Creating internal representation of mux trees.
  No muxes found in this module.
Removed 0 multiplexer ports.

38.4. Executing OPT_REDUCE pass (consolidate $*mux and $reduce_* inputs).
  Optimizing cells in module \noc_top.
Performed a total of 0 changes.

38.5. Executing OPT_MERGE pass (detect identical cells).
Finding identical cells in module `\noc_top'.
Removed a total of 0 cells.

38.6. Executing OPT_SHARE pass.

38.7. Executing OPT_DFF pass (perform DFF optimizations).

38.8. Executing OPT_CLEAN pass (remove unused cells and wires).
Finding unused cells or wires in module \noc_top..

38.9. Executing OPT_EXPR pass (perform const folding).
Optimizing module noc_top.

38.10. Finished OPT passes. (There is nothing left to do.)

39. Executing TECHMAP pass (map to technology primitives).

39.1. Executing Verilog-2005 frontend: /build/bin/../share/yosys/techmap.v
Parsing Verilog input from `/build/bin/../share/yosys/techmap.v' to AST representation.
Generating RTLIL representation for module `\_90_simplemap_bool_ops'.
Generating RTLIL representation for module `\_90_simplemap_reduce_ops'.
Generating RTLIL representation for module `\_90_simplemap_logic_ops'.
Generating RTLIL representation for module `\_90_simplemap_compare_ops'.
Generating RTLIL representation for module `\_90_simplemap_various'.
Generating RTLIL representation for module `\_90_simplemap_registers'.
Generating RTLIL representation for module `\_90_shift_ops_shr_shl_sshl_sshr'.
Generating RTLIL representation for module `\_90_shift_shiftx'.
Generating RTLIL representation for module `\_90_fa'.
Generating RTLIL representation for module `\_90_lcu'.
Generating RTLIL representation for module `\_90_alu'.
Generating RTLIL representation for module `\_90_macc'.
Generating RTLIL representation for module `\_90_alumacc'.
Generating RTLIL representation for module `\$__div_mod_u'.
Generating RTLIL representation for module `\$__div_mod_trunc'.
Generating RTLIL representation for module `\_90_div'.
Generating RTLIL representation for module `\_90_mod'.
Generating RTLIL representation for module `\$__div_mod_floor'.
Generating RTLIL representation for module `\_90_divfloor'.
Generating RTLIL representation for module `\_90_modfloor'.
Generating RTLIL representation for module `\_90_pow'.
Generating RTLIL representation for module `\_90_pmux'.
Generating RTLIL representation for module `\_90_demux'.
Generating RTLIL representation for module `\_90_lut'.
Successfully finished Verilog frontend.

39.2. Continuing TECHMAP pass.
No more expansions possible.
<suppressed ~73 debug messages>

40. Executing OPT pass (performing simple optimizations).

40.1. Executing OPT_EXPR pass (perform const folding).
Optimizing module noc_top.

40.2. Executing OPT_MERGE pass (detect identical cells).
Finding identical cells in module `\noc_top'.
Removed a total of 0 cells.

40.3. Executing OPT_DFF pass (perform DFF optimizations).

40.4. Executing OPT_CLEAN pass (remove unused cells and wires).
Finding unused cells or wires in module \noc_top..

40.5. Finished fast OPT passes.

41. Executing ABC pass (technology mapping using ABC).

41.1. Extracting gate netlist of module `\noc_top' to `<abc-temp-dir>/input.blif'..
Extracted 0 gates and 0 wires to a netlist network with 0 inputs and 0 outputs.
Don't call ABC as there is nothing to map.
Removing temp directory.

42. Executing OPT pass (performing simple optimizations).

42.1. Executing OPT_EXPR pass (perform const folding).
Optimizing module noc_top.

42.2. Executing OPT_MERGE pass (detect identical cells).
Finding identical cells in module `\noc_top'.
Removed a total of 0 cells.

42.3. Executing OPT_DFF pass (perform DFF optimizations).

42.4. Executing OPT_CLEAN pass (remove unused cells and wires).
Finding unused cells or wires in module \noc_top..

42.5. Finished fast OPT passes.

43. Executing HIERARCHY pass (managing design hierarchy).

43.1. Analyzing design hierarchy..
Top module:  \noc_top

43.2. Analyzing design hierarchy..
Top module:  \noc_top
Removed 0 unused modules.

44. Printing statistics.

=== noc_top ===

   Number of wires:                  2
   Number of wire bits:              2
   Number of public wires:           2
   Number of public wire bits:       2
   Number of memories:               0
   Number of memory bits:            0
   Number of processes:              0
   Number of cells:                  0

45. Executing CHECK pass (checking for obvious problems).
Checking module noc_top...
Found and reported 0 problems.

46. Generating Graphviz representation of design.
Writing dot description to `/openlane/designs/noc_router/runs/RUN_2026.05.30_11.02.00/tmp/synthesis/post_techmap.dot'.
Skipping empty module noc_top.
ERROR: Nothing there to show.
ERROR: TCL interpreter returned an error: Yosys command produced an error
