OpenSTA 2.4.0 41a51eaf4c Copyright (c) 2021, Parallax Software, Inc.
License GPLv3: GNU GPL version 3 <http://gnu.org/licenses/gpl.html>

This is free software, and you are free to change and redistribute it
under certain conditions; type `show_copying' for details. 
This program comes with ABSOLUTELY NO WARRANTY; for details type `show_warranty'.
define_corners Typical
read_liberty -corner Typical /home/puvvadakarthikchowdary/.volare/sky130A/libs.ref/sky130_fd_sc_hd/lib/sky130_fd_sc_hd__tt_025C_1v80.lib
Using 1e-12 for capacitance...
Using 1e+03 for resistance...
Using 1e-09 for time...
Using 1e+00 for voltage...
Using 1e-03 for current...
Using 1e-09 for power...
Using 1e-06 for distance...
Reading netlist '/openlane/designs/noc_router/runs/RUN_2026.05.30_11.05.29/results/synthesis/noc_top.v'…
Reading design constraints file at '/openlane/scripts/base.sdc'…
[INFO]: Setting output delay to: 2.0
[INFO]: Setting input delay to: 2.0
[INFO]: Setting load to: 0.033442
[INFO]: Setting clock uncertainty to: 0.25
[INFO]: Setting clock transition to: 0.15
[INFO]: Setting timing derate to: 5.0 %
min_report

===========================================================================
report_checks -path_delay min (Hold)
============================================================================
======================= Typical Corner ===================================

Startpoint: _50_ (rising edge-triggered flip-flop clocked by clk)
Endpoint: _50_ (rising edge-triggered flip-flop clocked by clk)
Path Group: clk
Path Type: min

Fanout     Cap    Slew   Delay    Time   Description
-----------------------------------------------------------------------------
                  0.15    0.00    0.00   clock clk (rise edge)
                          0.00    0.00   clock network delay (ideal)
                  0.15    0.00    0.00 ^ _50_/CLK (sky130_fd_sc_hd__dfrtp_2)
                  0.24    0.51    0.51 ^ _50_/Q (sky130_fd_sc_hd__dfrtp_2)
     6    0.05                           debug_out[0] (net)
                  0.24    0.00    0.51 ^ _25_/A (sky130_fd_sc_hd__inv_2)
                  0.04    0.04    0.54 v _25_/Y (sky130_fd_sc_hd__inv_2)
     1    0.00                           _00_ (net)
                  0.04    0.00    0.54 v _50_/D (sky130_fd_sc_hd__dfrtp_2)
                                  0.54   data arrival time

                  0.15    0.00    0.00   clock clk (rise edge)
                          0.00    0.00   clock network delay (ideal)
                          0.25    0.25   clock uncertainty
                          0.00    0.25   clock reconvergence pessimism
                                  0.25 ^ _50_/CLK (sky130_fd_sc_hd__dfrtp_2)
                         -0.02    0.23   library hold time
                                  0.23   data required time
-----------------------------------------------------------------------------
                                  0.23   data required time
                                 -0.54   data arrival time
-----------------------------------------------------------------------------
                                  0.31   slack (MET)


Startpoint: _57_ (rising edge-triggered flip-flop clocked by clk)
Endpoint: _57_ (rising edge-triggered flip-flop clocked by clk)
Path Group: clk
Path Type: min

Fanout     Cap    Slew   Delay    Time   Description
-----------------------------------------------------------------------------
                  0.15    0.00    0.00   clock clk (rise edge)
                          0.00    0.00   clock network delay (ideal)
                  0.15    0.00    0.00 ^ _57_/CLK (sky130_fd_sc_hd__dfrtp_2)
                  0.21    0.49    0.49 ^ _57_/Q (sky130_fd_sc_hd__dfrtp_2)
     2    0.04                           debug_out[7] (net)
                  0.21    0.00    0.49 ^ _41_/A (sky130_fd_sc_hd__xor2_2)
                  0.03    0.08    0.57 v _41_/X (sky130_fd_sc_hd__xor2_2)
     1    0.00                           _07_ (net)
                  0.03    0.00    0.57 v _57_/D (sky130_fd_sc_hd__dfrtp_2)
                                  0.57   data arrival time

                  0.15    0.00    0.00   clock clk (rise edge)
                          0.00    0.00   clock network delay (ideal)
                          0.25    0.25   clock uncertainty
                          0.00    0.25   clock reconvergence pessimism
                                  0.25 ^ _57_/CLK (sky130_fd_sc_hd__dfrtp_2)
                         -0.01    0.24   library hold time
                                  0.24   data required time
-----------------------------------------------------------------------------
                                  0.24   data required time
                                 -0.57   data arrival time
-----------------------------------------------------------------------------
                                  0.33   slack (MET)


Startpoint: _56_ (rising edge-triggered flip-flop clocked by clk)
Endpoint: _56_ (rising edge-triggered flip-flop clocked by clk)
Path Group: clk
Path Type: min

Fanout     Cap    Slew   Delay    Time   Description
-----------------------------------------------------------------------------
                  0.15    0.00    0.00   clock clk (rise edge)
                          0.00    0.00   clock network delay (ideal)
                  0.15    0.00    0.00 ^ _56_/CLK (sky130_fd_sc_hd__dfrtp_2)
                  0.22    0.49    0.49 ^ _56_/Q (sky130_fd_sc_hd__dfrtp_2)
     3    0.04                           debug_out[6] (net)
                  0.22    0.00    0.49 ^ _39_/A (sky130_fd_sc_hd__xor2_2)
                  0.03    0.09    0.58 v _39_/X (sky130_fd_sc_hd__xor2_2)
     1    0.00                           _06_ (net)
                  0.03    0.00    0.58 v _56_/D (sky130_fd_sc_hd__dfrtp_2)
                                  0.58   data arrival time

                  0.15    0.00    0.00   clock clk (rise edge)
                          0.00    0.00   clock network delay (ideal)
                          0.25    0.25   clock uncertainty
                          0.00    0.25   clock reconvergence pessimism
                                  0.25 ^ _56_/CLK (sky130_fd_sc_hd__dfrtp_2)
                         -0.01    0.24   library hold time
                                  0.24   data required time
-----------------------------------------------------------------------------
                                  0.24   data required time
                                 -0.58   data arrival time
-----------------------------------------------------------------------------
                                  0.34   slack (MET)


Startpoint: _52_ (rising edge-triggered flip-flop clocked by clk)
Endpoint: _52_ (rising edge-triggered flip-flop clocked by clk)
Path Group: clk
Path Type: min

Fanout     Cap    Slew   Delay    Time   Description
-----------------------------------------------------------------------------
                  0.15    0.00    0.00   clock clk (rise edge)
                          0.00    0.00   clock network delay (ideal)
                  0.15    0.00    0.00 ^ _52_/CLK (sky130_fd_sc_hd__dfrtp_2)
                  0.23    0.50    0.50 ^ _52_/Q (sky130_fd_sc_hd__dfrtp_2)
     4    0.05                           debug_out[2] (net)
                  0.23    0.00    0.50 ^ _30_/A (sky130_fd_sc_hd__xnor2_2)
                  0.03    0.08    0.59 v _30_/Y (sky130_fd_sc_hd__xnor2_2)
     1    0.00                           _02_ (net)
                  0.03    0.00    0.59 v _52_/D (sky130_fd_sc_hd__dfrtp_2)
                                  0.59   data arrival time

                  0.15    0.00    0.00   clock clk (rise edge)
                          0.00    0.00   clock network delay (ideal)
                          0.25    0.25   clock uncertainty
                          0.00    0.25   clock reconvergence pessimism
                                  0.25 ^ _52_/CLK (sky130_fd_sc_hd__dfrtp_2)
                         -0.01    0.24   library hold time
                                  0.24   data required time
-----------------------------------------------------------------------------
                                  0.24   data required time
                                 -0.59   data arrival time
-----------------------------------------------------------------------------
                                  0.35   slack (MET)


Startpoint: _54_ (rising edge-triggered flip-flop clocked by clk)
Endpoint: _54_ (rising edge-triggered flip-flop clocked by clk)
Path Group: clk
Path Type: min

Fanout     Cap    Slew   Delay    Time   Description
-----------------------------------------------------------------------------
                  0.15    0.00    0.00   clock clk (rise edge)
                          0.00    0.00   clock network delay (ideal)
                  0.15    0.00    0.00 ^ _54_/CLK (sky130_fd_sc_hd__dfrtp_2)
                  0.25    0.51    0.51 ^ _54_/Q (sky130_fd_sc_hd__dfrtp_2)
     5    0.05                           debug_out[4] (net)
                  0.25    0.00    0.51 ^ _35_/A (sky130_fd_sc_hd__xor2_2)
                  0.03    0.09    0.60 v _35_/X (sky130_fd_sc_hd__xor2_2)
     1    0.00                           _04_ (net)
                  0.03    0.00    0.60 v _54_/D (sky130_fd_sc_hd__dfrtp_2)
                                  0.60   data arrival time

                  0.15    0.00    0.00   clock clk (rise edge)
                          0.00    0.00   clock network delay (ideal)
                          0.25    0.25   clock uncertainty
                          0.00    0.25   clock reconvergence pessimism
                                  0.25 ^ _54_/CLK (sky130_fd_sc_hd__dfrtp_2)
                         -0.01    0.24   library hold time
                                  0.24   data required time
-----------------------------------------------------------------------------
                                  0.24   data required time
                                 -0.60   data arrival time
-----------------------------------------------------------------------------
                                  0.36   slack (MET)


Startpoint: _55_ (rising edge-triggered flip-flop clocked by clk)
Endpoint: _55_ (rising edge-triggered flip-flop clocked by clk)
Path Group: clk
Path Type: min

Fanout     Cap    Slew   Delay    Time   Description
-----------------------------------------------------------------------------
                  0.15    0.00    0.00   clock clk (rise edge)
                          0.00    0.00   clock network delay (ideal)
                  0.15    0.00    0.00 ^ _55_/CLK (sky130_fd_sc_hd__dfrtp_2)
                  0.21    0.48    0.48 ^ _55_/Q (sky130_fd_sc_hd__dfrtp_2)
     4    0.04                           debug_out[5] (net)
                  0.21    0.00    0.48 ^ _37_/B1 (sky130_fd_sc_hd__a21oi_2)
                  0.04    0.05    0.53 v _37_/Y (sky130_fd_sc_hd__a21oi_2)
     1    0.00                           _23_ (net)
                  0.04    0.00    0.53 v _38_/B (sky130_fd_sc_hd__nor2_2)
                  0.05    0.06    0.59 ^ _38_/Y (sky130_fd_sc_hd__nor2_2)
     1    0.00                           _05_ (net)
                  0.05    0.00    0.59 ^ _55_/D (sky130_fd_sc_hd__dfrtp_2)
                                  0.59   data arrival time

                  0.15    0.00    0.00   clock clk (rise edge)
                          0.00    0.00   clock network delay (ideal)
                          0.25    0.25   clock uncertainty
                          0.00    0.25   clock reconvergence pessimism
                                  0.25 ^ _55_/CLK (sky130_fd_sc_hd__dfrtp_2)
                         -0.02    0.23   library hold time
                                  0.23   data required time
-----------------------------------------------------------------------------
                                  0.23   data required time
                                 -0.59   data arrival time
-----------------------------------------------------------------------------
                                  0.36   slack (MET)


Startpoint: _53_ (rising edge-triggered flip-flop clocked by clk)
Endpoint: _53_ (rising edge-triggered flip-flop clocked by clk)
Path Group: clk
Path Type: min

Fanout     Cap    Slew   Delay    Time   Description
-----------------------------------------------------------------------------
                  0.15    0.00    0.00   clock clk (rise edge)
                          0.00    0.00   clock network delay (ideal)
                  0.15    0.00    0.00 ^ _53_/CLK (sky130_fd_sc_hd__dfrtp_2)
                  0.19    0.47    0.47 ^ _53_/Q (sky130_fd_sc_hd__dfrtp_2)
     3    0.04                           debug_out[3] (net)
                  0.19    0.00    0.47 ^ _32_/B1 (sky130_fd_sc_hd__a31o_2)
                  0.03    0.12    0.59 ^ _32_/X (sky130_fd_sc_hd__a31o_2)
     1    0.00                           _20_ (net)
                  0.03    0.00    0.59 ^ _33_/B (sky130_fd_sc_hd__and2b_2)
                  0.03    0.12    0.71 ^ _33_/X (sky130_fd_sc_hd__and2b_2)
     1    0.00                           _21_ (net)
                  0.03    0.00    0.71 ^ _34_/A (sky130_fd_sc_hd__buf_1)
                  0.04    0.07    0.77 ^ _34_/X (sky130_fd_sc_hd__buf_1)
     1    0.00                           _03_ (net)
                  0.04    0.00    0.77 ^ _53_/D (sky130_fd_sc_hd__dfrtp_2)
                                  0.77   data arrival time

                  0.15    0.00    0.00   clock clk (rise edge)
                          0.00    0.00   clock network delay (ideal)
                          0.25    0.25   clock uncertainty
                          0.00    0.25   clock reconvergence pessimism
                                  0.25 ^ _53_/CLK (sky130_fd_sc_hd__dfrtp_2)
                         -0.02    0.23   library hold time
                                  0.23   data required time
-----------------------------------------------------------------------------
                                  0.23   data required time
                                 -0.77   data arrival time
-----------------------------------------------------------------------------
                                  0.54   slack (MET)


Startpoint: _51_ (rising edge-triggered flip-flop clocked by clk)
Endpoint: _51_ (rising edge-triggered flip-flop clocked by clk)
Path Group: clk
Path Type: min

Fanout     Cap    Slew   Delay    Time   Description
-----------------------------------------------------------------------------
                  0.15    0.00    0.00   clock clk (rise edge)
                          0.00    0.00   clock network delay (ideal)
                  0.15    0.00    0.00 ^ _51_/CLK (sky130_fd_sc_hd__dfrtp_2)
                  0.13    0.50    0.50 v _51_/Q (sky130_fd_sc_hd__dfrtp_2)
     5    0.04                           debug_out[1] (net)
                  0.13    0.00    0.50 v _26_/B (sky130_fd_sc_hd__nand2_2)
                  0.07    0.11    0.61 ^ _26_/Y (sky130_fd_sc_hd__nand2_2)
     2    0.01                           _16_ (net)
                  0.07    0.00    0.61 ^ _28_/A (sky130_fd_sc_hd__and2_2)
                  0.03    0.12    0.74 ^ _28_/X (sky130_fd_sc_hd__and2_2)
     1    0.00                           _18_ (net)
                  0.03    0.00    0.74 ^ _29_/A (sky130_fd_sc_hd__buf_1)
                  0.04    0.07    0.80 ^ _29_/X (sky130_fd_sc_hd__buf_1)
     1    0.00                           _01_ (net)
                  0.04    0.00    0.80 ^ _51_/D (sky130_fd_sc_hd__dfrtp_2)
                                  0.80   data arrival time

                  0.15    0.00    0.00   clock clk (rise edge)
                          0.00    0.00   clock network delay (ideal)
                          0.25    0.25   clock uncertainty
                          0.00    0.25   clock reconvergence pessimism
                                  0.25 ^ _51_/CLK (sky130_fd_sc_hd__dfrtp_2)
                         -0.02    0.23   library hold time
                                  0.23   data required time
-----------------------------------------------------------------------------
                                  0.23   data required time
                                 -0.80   data arrival time
-----------------------------------------------------------------------------
                                  0.57   slack (MET)


Startpoint: rst (input port clocked by clk)
Endpoint: _50_ (removal check against rising-edge clock clk)
Path Group: asynchronous
Path Type: min

Fanout     Cap    Slew   Delay    Time   Description
-----------------------------------------------------------------------------
                  0.15    0.00    0.00   clock clk (rise edge)
                          0.00    0.00   clock network delay (ideal)
                          2.00    2.00 v input external delay
                  0.08    0.05    2.05 v rst (in)
     8    0.03                           rst (net)
                  0.08    0.00    2.05 v _42_/A (sky130_fd_sc_hd__inv_2)
                  0.03    0.05    2.10 ^ _42_/Y (sky130_fd_sc_hd__inv_2)
     1    0.00                           _08_ (net)
                  0.03    0.00    2.10 ^ _50_/RESET_B (sky130_fd_sc_hd__dfrtp_2)
                                  2.10   data arrival time

                  0.15    0.00    0.00   clock clk (rise edge)
                          0.00    0.00   clock network delay (ideal)
                          0.25    0.25   clock uncertainty
                          0.00    0.25   clock reconvergence pessimism
                                  0.25 ^ _50_/CLK (sky130_fd_sc_hd__dfrtp_2)
                          0.35    0.60   library removal time
                                  0.60   data required time
-----------------------------------------------------------------------------
                                  0.60   data required time
                                 -2.10   data arrival time
-----------------------------------------------------------------------------
                                  1.51   slack (MET)


Startpoint: rst (input port clocked by clk)
Endpoint: _51_ (removal check against rising-edge clock clk)
Path Group: asynchronous
Path Type: min

Fanout     Cap    Slew   Delay    Time   Description
-----------------------------------------------------------------------------
                  0.15    0.00    0.00   clock clk (rise edge)
                          0.00    0.00   clock network delay (ideal)
                          2.00    2.00 v input external delay
                  0.08    0.05    2.05 v rst (in)
     8    0.03                           rst (net)
                  0.08    0.00    2.05 v _43_/A (sky130_fd_sc_hd__inv_2)
                  0.03    0.05    2.10 ^ _43_/Y (sky130_fd_sc_hd__inv_2)
     1    0.00                           _09_ (net)
                  0.03    0.00    2.10 ^ _51_/RESET_B (sky130_fd_sc_hd__dfrtp_2)
                                  2.10   data arrival time

                  0.15    0.00    0.00   clock clk (rise edge)
                          0.00    0.00   clock network delay (ideal)
                          0.25    0.25   clock uncertainty
                          0.00    0.25   clock reconvergence pessimism
                                  0.25 ^ _51_/CLK (sky130_fd_sc_hd__dfrtp_2)
                          0.35    0.60   library removal time
                                  0.60   data required time
-----------------------------------------------------------------------------
                                  0.60   data required time
                                 -2.10   data arrival time
-----------------------------------------------------------------------------
                                  1.51   slack (MET)


Startpoint: rst (input port clocked by clk)
Endpoint: _52_ (removal check against rising-edge clock clk)
Path Group: asynchronous
Path Type: min

Fanout     Cap    Slew   Delay    Time   Description
-----------------------------------------------------------------------------
                  0.15    0.00    0.00   clock clk (rise edge)
                          0.00    0.00   clock network delay (ideal)
                          2.00    2.00 v input external delay
                  0.08    0.05    2.05 v rst (in)
     8    0.03                           rst (net)
                  0.08    0.00    2.05 v _44_/A (sky130_fd_sc_hd__inv_2)
                  0.03    0.05    2.10 ^ _44_/Y (sky130_fd_sc_hd__inv_2)
     1    0.00                           _10_ (net)
                  0.03    0.00    2.10 ^ _52_/RESET_B (sky130_fd_sc_hd__dfrtp_2)
                                  2.10   data arrival time

                  0.15    0.00    0.00   clock clk (rise edge)
                          0.00    0.00   clock network delay (ideal)
                          0.25    0.25   clock uncertainty
                          0.00    0.25   clock reconvergence pessimism
                                  0.25 ^ _52_/CLK (sky130_fd_sc_hd__dfrtp_2)
                          0.35    0.60   library removal time
                                  0.60   data required time
-----------------------------------------------------------------------------
                                  0.60   data required time
                                 -2.10   data arrival time
-----------------------------------------------------------------------------
                                  1.51   slack (MET)


Startpoint: rst (input port clocked by clk)
Endpoint: _53_ (removal check against rising-edge clock clk)
Path Group: asynchronous
Path Type: min

Fanout     Cap    Slew   Delay    Time   Description
-----------------------------------------------------------------------------
                  0.15    0.00    0.00   clock clk (rise edge)
                          0.00    0.00   clock network delay (ideal)
                          2.00    2.00 v input external delay
                  0.08    0.05    2.05 v rst (in)
     8    0.03                           rst (net)
                  0.08    0.00    2.05 v _45_/A (sky130_fd_sc_hd__inv_2)
                  0.03    0.05    2.10 ^ _45_/Y (sky130_fd_sc_hd__inv_2)
     1    0.00                           _11_ (net)
                  0.03    0.00    2.10 ^ _53_/RESET_B (sky130_fd_sc_hd__dfrtp_2)
                                  2.10   data arrival time

                  0.15    0.00    0.00   clock clk (rise edge)
                          0.00    0.00   clock network delay (ideal)
                          0.25    0.25   clock uncertainty
                          0.00    0.25   clock reconvergence pessimism
                                  0.25 ^ _53_/CLK (sky130_fd_sc_hd__dfrtp_2)
                          0.35    0.60   library removal time
                                  0.60   data required time
-----------------------------------------------------------------------------
                                  0.60   data required time
                                 -2.10   data arrival time
-----------------------------------------------------------------------------
                                  1.51   slack (MET)


Startpoint: rst (input port clocked by clk)
Endpoint: _54_ (removal check against rising-edge clock clk)
Path Group: asynchronous
Path Type: min

Fanout     Cap    Slew   Delay    Time   Description
-----------------------------------------------------------------------------
                  0.15    0.00    0.00   clock clk (rise edge)
                          0.00    0.00   clock network delay (ideal)
                          2.00    2.00 v input external delay
                  0.08    0.05    2.05 v rst (in)
     8    0.03                           rst (net)
                  0.08    0.00    2.05 v _46_/A (sky130_fd_sc_hd__inv_2)
                  0.03    0.05    2.10 ^ _46_/Y (sky130_fd_sc_hd__inv_2)
     1    0.00                           _12_ (net)
                  0.03    0.00    2.10 ^ _54_/RESET_B (sky130_fd_sc_hd__dfrtp_2)
                                  2.10   data arrival time

                  0.15    0.00    0.00   clock clk (rise edge)
                          0.00    0.00   clock network delay (ideal)
                          0.25    0.25   clock uncertainty
                          0.00    0.25   clock reconvergence pessimism
                                  0.25 ^ _54_/CLK (sky130_fd_sc_hd__dfrtp_2)
                          0.35    0.60   library removal time
                                  0.60   data required time
-----------------------------------------------------------------------------
                                  0.60   data required time
                                 -2.10   data arrival time
-----------------------------------------------------------------------------
                                  1.51   slack (MET)


Startpoint: rst (input port clocked by clk)
Endpoint: _55_ (removal check against rising-edge clock clk)
Path Group: asynchronous
Path Type: min

Fanout     Cap    Slew   Delay    Time   Description
-----------------------------------------------------------------------------
                  0.15    0.00    0.00   clock clk (rise edge)
                          0.00    0.00   clock network delay (ideal)
                          2.00    2.00 v input external delay
                  0.08    0.05    2.05 v rst (in)
     8    0.03                           rst (net)
                  0.08    0.00    2.05 v _47_/A (sky130_fd_sc_hd__inv_2)
                  0.03    0.05    2.10 ^ _47_/Y (sky130_fd_sc_hd__inv_2)
     1    0.00                           _13_ (net)
                  0.03    0.00    2.10 ^ _55_/RESET_B (sky130_fd_sc_hd__dfrtp_2)
                                  2.10   data arrival time

                  0.15    0.00    0.00   clock clk (rise edge)
                          0.00    0.00   clock network delay (ideal)
                          0.25    0.25   clock uncertainty
                          0.00    0.25   clock reconvergence pessimism
                                  0.25 ^ _55_/CLK (sky130_fd_sc_hd__dfrtp_2)
                          0.35    0.60   library removal time
                                  0.60   data required time
-----------------------------------------------------------------------------
                                  0.60   data required time
                                 -2.10   data arrival time
-----------------------------------------------------------------------------
                                  1.51   slack (MET)


Startpoint: rst (input port clocked by clk)
Endpoint: _56_ (removal check against rising-edge clock clk)
Path Group: asynchronous
Path Type: min

Fanout     Cap    Slew   Delay    Time   Description
-----------------------------------------------------------------------------
                  0.15    0.00    0.00   clock clk (rise edge)
                          0.00    0.00   clock network delay (ideal)
                          2.00    2.00 v input external delay
                  0.08    0.05    2.05 v rst (in)
     8    0.03                           rst (net)
                  0.08    0.00    2.05 v _48_/A (sky130_fd_sc_hd__inv_2)
                  0.03    0.05    2.10 ^ _48_/Y (sky130_fd_sc_hd__inv_2)
     1    0.00                           _14_ (net)
                  0.03    0.00    2.10 ^ _56_/RESET_B (sky130_fd_sc_hd__dfrtp_2)
                                  2.10   data arrival time

                  0.15    0.00    0.00   clock clk (rise edge)
                          0.00    0.00   clock network delay (ideal)
                          0.25    0.25   clock uncertainty
                          0.00    0.25   clock reconvergence pessimism
                                  0.25 ^ _56_/CLK (sky130_fd_sc_hd__dfrtp_2)
                          0.35    0.60   library removal time
                                  0.60   data required time
-----------------------------------------------------------------------------
                                  0.60   data required time
                                 -2.10   data arrival time
-----------------------------------------------------------------------------
                                  1.51   slack (MET)


Startpoint: rst (input port clocked by clk)
Endpoint: _57_ (removal check against rising-edge clock clk)
Path Group: asynchronous
Path Type: min

Fanout     Cap    Slew   Delay    Time   Description
-----------------------------------------------------------------------------
                  0.15    0.00    0.00   clock clk (rise edge)
                          0.00    0.00   clock network delay (ideal)
                          2.00    2.00 v input external delay
                  0.08    0.05    2.05 v rst (in)
     8    0.03                           rst (net)
                  0.08    0.00    2.05 v _49_/A (sky130_fd_sc_hd__inv_2)
                  0.03    0.05    2.10 ^ _49_/Y (sky130_fd_sc_hd__inv_2)
     1    0.00                           _15_ (net)
                  0.03    0.00    2.10 ^ _57_/RESET_B (sky130_fd_sc_hd__dfrtp_2)
                                  2.10   data arrival time

                  0.15    0.00    0.00   clock clk (rise edge)
                          0.00    0.00   clock network delay (ideal)
                          0.25    0.25   clock uncertainty
                          0.00    0.25   clock reconvergence pessimism
                                  0.25 ^ _57_/CLK (sky130_fd_sc_hd__dfrtp_2)
                          0.35    0.60   library removal time
                                  0.60   data required time
-----------------------------------------------------------------------------
                                  0.60   data required time
                                 -2.10   data arrival time
-----------------------------------------------------------------------------
                                  1.51   slack (MET)


Startpoint: _53_ (rising edge-triggered flip-flop clocked by clk)
Endpoint: debug_out[3] (output port clocked by clk)
Path Group: clk
Path Type: min

Fanout     Cap    Slew   Delay    Time   Description
-----------------------------------------------------------------------------
                  0.15    0.00    0.00   clock clk (rise edge)
                          0.00    0.00   clock network delay (ideal)
                  0.15    0.00    0.00 ^ _53_/CLK (sky130_fd_sc_hd__dfrtp_2)
                  0.19    0.47    0.47 ^ _53_/Q (sky130_fd_sc_hd__dfrtp_2)
     3    0.04                           debug_out[3] (net)
                  0.19    0.00    0.47 ^ debug_out[3] (out)
                                  0.47   data arrival time

                  0.15    0.00    0.00   clock clk (rise edge)
                          0.00    0.00   clock network delay (ideal)
                          0.25    0.25   clock uncertainty
                          0.00    0.25   clock reconvergence pessimism
                         -2.00   -1.75   output external delay
                                 -1.75   data required time
-----------------------------------------------------------------------------
                                 -1.75   data required time
                                 -0.47   data arrival time
-----------------------------------------------------------------------------
                                  2.22   slack (MET)


Startpoint: _55_ (rising edge-triggered flip-flop clocked by clk)
Endpoint: debug_out[5] (output port clocked by clk)
Path Group: clk
Path Type: min

Fanout     Cap    Slew   Delay    Time   Description
-----------------------------------------------------------------------------
                  0.15    0.00    0.00   clock clk (rise edge)
                          0.00    0.00   clock network delay (ideal)
                  0.15    0.00    0.00 ^ _55_/CLK (sky130_fd_sc_hd__dfrtp_2)
                  0.21    0.48    0.48 ^ _55_/Q (sky130_fd_sc_hd__dfrtp_2)
     4    0.04                           debug_out[5] (net)
                  0.21    0.00    0.48 ^ debug_out[5] (out)
                                  0.48   data arrival time

                  0.15    0.00    0.00   clock clk (rise edge)
                          0.00    0.00   clock network delay (ideal)
                          0.25    0.25   clock uncertainty
                          0.00    0.25   clock reconvergence pessimism
                         -2.00   -1.75   output external delay
                                 -1.75   data required time
-----------------------------------------------------------------------------
                                 -1.75   data required time
                                 -0.48   data arrival time
-----------------------------------------------------------------------------
                                  2.23   slack (MET)


Startpoint: _57_ (rising edge-triggered flip-flop clocked by clk)
Endpoint: debug_out[7] (output port clocked by clk)
Path Group: clk
Path Type: min

Fanout     Cap    Slew   Delay    Time   Description
-----------------------------------------------------------------------------
                  0.15    0.00    0.00   clock clk (rise edge)
                          0.00    0.00   clock network delay (ideal)
                  0.15    0.00    0.00 ^ _57_/CLK (sky130_fd_sc_hd__dfrtp_2)
                  0.21    0.49    0.49 ^ _57_/Q (sky130_fd_sc_hd__dfrtp_2)
     2    0.04                           debug_out[7] (net)
                  0.21    0.00    0.49 ^ debug_out[7] (out)
                                  0.49   data arrival time

                  0.15    0.00    0.00   clock clk (rise edge)
                          0.00    0.00   clock network delay (ideal)
                          0.25    0.25   clock uncertainty
                          0.00    0.25   clock reconvergence pessimism
                         -2.00   -1.75   output external delay
                                 -1.75   data required time
-----------------------------------------------------------------------------
                                 -1.75   data required time
                                 -0.49   data arrival time
-----------------------------------------------------------------------------
                                  2.24   slack (MET)


Startpoint: _51_ (rising edge-triggered flip-flop clocked by clk)
Endpoint: debug_out[1] (output port clocked by clk)
Path Group: clk
Path Type: min

Fanout     Cap    Slew   Delay    Time   Description
-----------------------------------------------------------------------------
                  0.15    0.00    0.00   clock clk (rise edge)
                          0.00    0.00   clock network delay (ideal)
                  0.15    0.00    0.00 ^ _51_/CLK (sky130_fd_sc_hd__dfrtp_2)
                  0.22    0.49    0.49 ^ _51_/Q (sky130_fd_sc_hd__dfrtp_2)
     5    0.04                           debug_out[1] (net)
                  0.22    0.00    0.49 ^ debug_out[1] (out)
                                  0.49   data arrival time

                  0.15    0.00    0.00   clock clk (rise edge)
                          0.00    0.00   clock network delay (ideal)
                          0.25    0.25   clock uncertainty
                          0.00    0.25   clock reconvergence pessimism
                         -2.00   -1.75   output external delay
                                 -1.75   data required time
-----------------------------------------------------------------------------
                                 -1.75   data required time
                                 -0.49   data arrival time
-----------------------------------------------------------------------------
                                  2.24   slack (MET)


Startpoint: _56_ (rising edge-triggered flip-flop clocked by clk)
Endpoint: debug_out[6] (output port clocked by clk)
Path Group: clk
Path Type: min

Fanout     Cap    Slew   Delay    Time   Description
-----------------------------------------------------------------------------
                  0.15    0.00    0.00   clock clk (rise edge)
                          0.00    0.00   clock network delay (ideal)
                  0.15    0.00    0.00 ^ _56_/CLK (sky130_fd_sc_hd__dfrtp_2)
                  0.22    0.49    0.49 ^ _56_/Q (sky130_fd_sc_hd__dfrtp_2)
     3    0.04                           debug_out[6] (net)
                  0.22    0.00    0.49 ^ debug_out[6] (out)
                                  0.49   data arrival time

                  0.15    0.00    0.00   clock clk (rise edge)
                          0.00    0.00   clock network delay (ideal)
                          0.25    0.25   clock uncertainty
                          0.00    0.25   clock reconvergence pessimism
                         -2.00   -1.75   output external delay
                                 -1.75   data required time
-----------------------------------------------------------------------------
                                 -1.75   data required time
                                 -0.49   data arrival time
-----------------------------------------------------------------------------
                                  2.24   slack (MET)


Startpoint: _52_ (rising edge-triggered flip-flop clocked by clk)
Endpoint: debug_out[2] (output port clocked by clk)
Path Group: clk
Path Type: min

Fanout     Cap    Slew   Delay    Time   Description
-----------------------------------------------------------------------------
                  0.15    0.00    0.00   clock clk (rise edge)
                          0.00    0.00   clock network delay (ideal)
                  0.15    0.00    0.00 ^ _52_/CLK (sky130_fd_sc_hd__dfrtp_2)
                  0.23    0.50    0.50 ^ _52_/Q (sky130_fd_sc_hd__dfrtp_2)
     4    0.05                           debug_out[2] (net)
                  0.23    0.00    0.50 ^ debug_out[2] (out)
                                  0.50   data arrival time

                  0.15    0.00    0.00   clock clk (rise edge)
                          0.00    0.00   clock network delay (ideal)
                          0.25    0.25   clock uncertainty
                          0.00    0.25   clock reconvergence pessimism
                         -2.00   -1.75   output external delay
                                 -1.75   data required time
-----------------------------------------------------------------------------
                                 -1.75   data required time
                                 -0.50   data arrival time
-----------------------------------------------------------------------------
                                  2.25   slack (MET)


Startpoint: _50_ (rising edge-triggered flip-flop clocked by clk)
Endpoint: debug_out[0] (output port clocked by clk)
Path Group: clk
Path Type: min

Fanout     Cap    Slew   Delay    Time   Description
-----------------------------------------------------------------------------
                  0.15    0.00    0.00   clock clk (rise edge)
                          0.00    0.00   clock network delay (ideal)
                  0.15    0.00    0.00 ^ _50_/CLK (sky130_fd_sc_hd__dfrtp_2)
                  0.24    0.51    0.51 ^ _50_/Q (sky130_fd_sc_hd__dfrtp_2)
     6    0.05                           debug_out[0] (net)
                  0.24    0.00    0.51 ^ debug_out[0] (out)
                                  0.51   data arrival time

                  0.15    0.00    0.00   clock clk (rise edge)
                          0.00    0.00   clock network delay (ideal)
                          0.25    0.25   clock uncertainty
                          0.00    0.25   clock reconvergence pessimism
                         -2.00   -1.75   output external delay
                                 -1.75   data required time
-----------------------------------------------------------------------------
                                 -1.75   data required time
                                 -0.51   data arrival time
-----------------------------------------------------------------------------
                                  2.26   slack (MET)


Startpoint: _54_ (rising edge-triggered flip-flop clocked by clk)
Endpoint: debug_out[4] (output port clocked by clk)
Path Group: clk
Path Type: min

Fanout     Cap    Slew   Delay    Time   Description
-----------------------------------------------------------------------------
                  0.15    0.00    0.00   clock clk (rise edge)
                          0.00    0.00   clock network delay (ideal)
                  0.15    0.00    0.00 ^ _54_/CLK (sky130_fd_sc_hd__dfrtp_2)
                  0.14    0.51    0.51 v _54_/Q (sky130_fd_sc_hd__dfrtp_2)
     5    0.05                           debug_out[4] (net)
                  0.14    0.00    0.51 v debug_out[4] (out)
                                  0.51   data arrival time

                  0.15    0.00    0.00   clock clk (rise edge)
                          0.00    0.00   clock network delay (ideal)
                          0.25    0.25   clock uncertainty
                          0.00    0.25   clock reconvergence pessimism
                         -2.00   -1.75   output external delay
                                 -1.75   data required time
-----------------------------------------------------------------------------
                                 -1.75   data required time
                                 -0.51   data arrival time
-----------------------------------------------------------------------------
                                  2.26   slack (MET)



min_report_end
max_report

===========================================================================
report_checks -path_delay max (Setup)
============================================================================
======================= Typical Corner ===================================

Startpoint: _54_ (rising edge-triggered flip-flop clocked by clk)
Endpoint: debug_out[4] (output port clocked by clk)
Path Group: clk
Path Type: max

Fanout     Cap    Slew   Delay    Time   Description
-----------------------------------------------------------------------------
                  0.15    0.00    0.00   clock clk (rise edge)
                          0.00    0.00   clock network delay (ideal)
                  0.15    0.00    0.00 ^ _54_/CLK (sky130_fd_sc_hd__dfrtp_2)
                  0.25    0.57    0.57 ^ _54_/Q (sky130_fd_sc_hd__dfrtp_2)
     5    0.05                           debug_out[4] (net)
                  0.25    0.00    0.57 ^ debug_out[4] (out)
                                  0.57   data arrival time

                  0.15   10.00   10.00   clock clk (rise edge)
                          0.00   10.00   clock network delay (ideal)
                         -0.25    9.75   clock uncertainty
                          0.00    9.75   clock reconvergence pessimism
                         -2.00    7.75   output external delay
                                  7.75   data required time
-----------------------------------------------------------------------------
                                  7.75   data required time
                                 -0.57   data arrival time
-----------------------------------------------------------------------------
                                  7.18   slack (MET)


Startpoint: _50_ (rising edge-triggered flip-flop clocked by clk)
Endpoint: debug_out[0] (output port clocked by clk)
Path Group: clk
Path Type: max

Fanout     Cap    Slew   Delay    Time   Description
-----------------------------------------------------------------------------
                  0.15    0.00    0.00   clock clk (rise edge)
                          0.00    0.00   clock network delay (ideal)
                  0.15    0.00    0.00 ^ _50_/CLK (sky130_fd_sc_hd__dfrtp_2)
                  0.14    0.56    0.56 v _50_/Q (sky130_fd_sc_hd__dfrtp_2)
     6    0.05                           debug_out[0] (net)
                  0.14    0.00    0.56 v debug_out[0] (out)
                                  0.56   data arrival time

                  0.15   10.00   10.00   clock clk (rise edge)
                          0.00   10.00   clock network delay (ideal)
                         -0.25    9.75   clock uncertainty
                          0.00    9.75   clock reconvergence pessimism
                         -2.00    7.75   output external delay
                                  7.75   data required time
-----------------------------------------------------------------------------
                                  7.75   data required time
                                 -0.56   data arrival time
-----------------------------------------------------------------------------
                                  7.19   slack (MET)


Startpoint: _52_ (rising edge-triggered flip-flop clocked by clk)
Endpoint: debug_out[2] (output port clocked by clk)
Path Group: clk
Path Type: max

Fanout     Cap    Slew   Delay    Time   Description
-----------------------------------------------------------------------------
                  0.15    0.00    0.00   clock clk (rise edge)
                          0.00    0.00   clock network delay (ideal)
                  0.15    0.00    0.00 ^ _52_/CLK (sky130_fd_sc_hd__dfrtp_2)
                  0.14    0.56    0.56 v _52_/Q (sky130_fd_sc_hd__dfrtp_2)
     4    0.05                           debug_out[2] (net)
                  0.14    0.00    0.56 v debug_out[2] (out)
                                  0.56   data arrival time

                  0.15   10.00   10.00   clock clk (rise edge)
                          0.00   10.00   clock network delay (ideal)
                         -0.25    9.75   clock uncertainty
                          0.00    9.75   clock reconvergence pessimism
                         -2.00    7.75   output external delay
                                  7.75   data required time
-----------------------------------------------------------------------------
                                  7.75   data required time
                                 -0.56   data arrival time
-----------------------------------------------------------------------------
                                  7.19   slack (MET)


Startpoint: _56_ (rising edge-triggered flip-flop clocked by clk)
Endpoint: debug_out[6] (output port clocked by clk)
Path Group: clk
Path Type: max

Fanout     Cap    Slew   Delay    Time   Description
-----------------------------------------------------------------------------
                  0.15    0.00    0.00   clock clk (rise edge)
                          0.00    0.00   clock network delay (ideal)
                  0.15    0.00    0.00 ^ _56_/CLK (sky130_fd_sc_hd__dfrtp_2)
                  0.13    0.55    0.55 v _56_/Q (sky130_fd_sc_hd__dfrtp_2)
     3    0.04                           debug_out[6] (net)
                  0.13    0.00    0.55 v debug_out[6] (out)
                                  0.55   data arrival time

                  0.15   10.00   10.00   clock clk (rise edge)
                          0.00   10.00   clock network delay (ideal)
                         -0.25    9.75   clock uncertainty
                          0.00    9.75   clock reconvergence pessimism
                         -2.00    7.75   output external delay
                                  7.75   data required time
-----------------------------------------------------------------------------
                                  7.75   data required time
                                 -0.55   data arrival time
-----------------------------------------------------------------------------
                                  7.20   slack (MET)


Startpoint: _51_ (rising edge-triggered flip-flop clocked by clk)
Endpoint: debug_out[1] (output port clocked by clk)
Path Group: clk
Path Type: max

Fanout     Cap    Slew   Delay    Time   Description
-----------------------------------------------------------------------------
                  0.15    0.00    0.00   clock clk (rise edge)
                          0.00    0.00   clock network delay (ideal)
                  0.15    0.00    0.00 ^ _51_/CLK (sky130_fd_sc_hd__dfrtp_2)
                  0.13    0.55    0.55 v _51_/Q (sky130_fd_sc_hd__dfrtp_2)
     5    0.04                           debug_out[1] (net)
                  0.13    0.00    0.55 v debug_out[1] (out)
                                  0.55   data arrival time

                  0.15   10.00   10.00   clock clk (rise edge)
                          0.00   10.00   clock network delay (ideal)
                         -0.25    9.75   clock uncertainty
                          0.00    9.75   clock reconvergence pessimism
                         -2.00    7.75   output external delay
                                  7.75   data required time
-----------------------------------------------------------------------------
                                  7.75   data required time
                                 -0.55   data arrival time
-----------------------------------------------------------------------------
                                  7.20   slack (MET)


Startpoint: _57_ (rising edge-triggered flip-flop clocked by clk)
Endpoint: debug_out[7] (output port clocked by clk)
Path Group: clk
Path Type: max

Fanout     Cap    Slew   Delay    Time   Description
-----------------------------------------------------------------------------
                  0.15    0.00    0.00   clock clk (rise edge)
                          0.00    0.00   clock network delay (ideal)
                  0.15    0.00    0.00 ^ _57_/CLK (sky130_fd_sc_hd__dfrtp_2)
                  0.13    0.55    0.55 v _57_/Q (sky130_fd_sc_hd__dfrtp_2)
     2    0.04                           debug_out[7] (net)
                  0.13    0.00    0.55 v debug_out[7] (out)
                                  0.55   data arrival time

                  0.15   10.00   10.00   clock clk (rise edge)
                          0.00   10.00   clock network delay (ideal)
                         -0.25    9.75   clock uncertainty
                          0.00    9.75   clock reconvergence pessimism
                         -2.00    7.75   output external delay
                                  7.75   data required time
-----------------------------------------------------------------------------
                                  7.75   data required time
                                 -0.55   data arrival time
-----------------------------------------------------------------------------
                                  7.20   slack (MET)


Startpoint: _55_ (rising edge-triggered flip-flop clocked by clk)
Endpoint: debug_out[5] (output port clocked by clk)
Path Group: clk
Path Type: max

Fanout     Cap    Slew   Delay    Time   Description
-----------------------------------------------------------------------------
                  0.15    0.00    0.00   clock clk (rise edge)
                          0.00    0.00   clock network delay (ideal)
                  0.15    0.00    0.00 ^ _55_/CLK (sky130_fd_sc_hd__dfrtp_2)
                  0.12    0.55    0.55 v _55_/Q (sky130_fd_sc_hd__dfrtp_2)
     4    0.04                           debug_out[5] (net)
                  0.12    0.00    0.55 v debug_out[5] (out)
                                  0.55   data arrival time

                  0.15   10.00   10.00   clock clk (rise edge)
                          0.00   10.00   clock network delay (ideal)
                         -0.25    9.75   clock uncertainty
                          0.00    9.75   clock reconvergence pessimism
                         -2.00    7.75   output external delay
                                  7.75   data required time
-----------------------------------------------------------------------------
                                  7.75   data required time
                                 -0.55   data arrival time
-----------------------------------------------------------------------------
                                  7.20   slack (MET)


Startpoint: _53_ (rising edge-triggered flip-flop clocked by clk)
Endpoint: debug_out[3] (output port clocked by clk)
Path Group: clk
Path Type: max

Fanout     Cap    Slew   Delay    Time   Description
-----------------------------------------------------------------------------
                  0.15    0.00    0.00   clock clk (rise edge)
                          0.00    0.00   clock network delay (ideal)
                  0.15    0.00    0.00 ^ _53_/CLK (sky130_fd_sc_hd__dfrtp_2)
                  0.12    0.54    0.54 v _53_/Q (sky130_fd_sc_hd__dfrtp_2)
     3    0.04                           debug_out[3] (net)
                  0.12    0.00    0.54 v debug_out[3] (out)
                                  0.54   data arrival time

                  0.15   10.00   10.00   clock clk (rise edge)
                          0.00   10.00   clock network delay (ideal)
                         -0.25    9.75   clock uncertainty
                          0.00    9.75   clock reconvergence pessimism
                         -2.00    7.75   output external delay
                                  7.75   data required time
-----------------------------------------------------------------------------
                                  7.75   data required time
                                 -0.54   data arrival time
-----------------------------------------------------------------------------
                                  7.21   slack (MET)


Startpoint: rst (input port clocked by clk)
Endpoint: _50_ (recovery check against rising-edge clock clk)
Path Group: asynchronous
Path Type: max

Fanout     Cap    Slew   Delay    Time   Description
-----------------------------------------------------------------------------
                  0.15    0.00    0.00   clock clk (rise edge)
                          0.00    0.00   clock network delay (ideal)
                          2.00    2.00 v input external delay
                  0.08    0.06    2.06 v rst (in)
     8    0.03                           rst (net)
                  0.08    0.00    2.06 v _42_/A (sky130_fd_sc_hd__inv_2)
                  0.03    0.06    2.11 ^ _42_/Y (sky130_fd_sc_hd__inv_2)
     1    0.00                           _08_ (net)
                  0.03    0.00    2.11 ^ _50_/RESET_B (sky130_fd_sc_hd__dfrtp_2)
                                  2.11   data arrival time

                  0.15   10.00   10.00   clock clk (rise edge)
                          0.00   10.00   clock network delay (ideal)
                         -0.25    9.75   clock uncertainty
                          0.00    9.75   clock reconvergence pessimism
                                  9.75 ^ _50_/CLK (sky130_fd_sc_hd__dfrtp_2)
                          0.26   10.01   library recovery time
                                 10.01   data required time
-----------------------------------------------------------------------------
                                 10.01   data required time
                                 -2.11   data arrival time
-----------------------------------------------------------------------------
                                  7.89   slack (MET)


Startpoint: rst (input port clocked by clk)
Endpoint: _51_ (recovery check against rising-edge clock clk)
Path Group: asynchronous
Path Type: max

Fanout     Cap    Slew   Delay    Time   Description
-----------------------------------------------------------------------------
                  0.15    0.00    0.00   clock clk (rise edge)
                          0.00    0.00   clock network delay (ideal)
                          2.00    2.00 v input external delay
                  0.08    0.06    2.06 v rst (in)
     8    0.03                           rst (net)
                  0.08    0.00    2.06 v _43_/A (sky130_fd_sc_hd__inv_2)
                  0.03    0.06    2.11 ^ _43_/Y (sky130_fd_sc_hd__inv_2)
     1    0.00                           _09_ (net)
                  0.03    0.00    2.11 ^ _51_/RESET_B (sky130_fd_sc_hd__dfrtp_2)
                                  2.11   data arrival time

                  0.15   10.00   10.00   clock clk (rise edge)
                          0.00   10.00   clock network delay (ideal)
                         -0.25    9.75   clock uncertainty
                          0.00    9.75   clock reconvergence pessimism
                                  9.75 ^ _51_/CLK (sky130_fd_sc_hd__dfrtp_2)
                          0.26   10.01   library recovery time
                                 10.01   data required time
-----------------------------------------------------------------------------
                                 10.01   data required time
                                 -2.11   data arrival time
-----------------------------------------------------------------------------
                                  7.89   slack (MET)


Startpoint: rst (input port clocked by clk)
Endpoint: _52_ (recovery check against rising-edge clock clk)
Path Group: asynchronous
Path Type: max

Fanout     Cap    Slew   Delay    Time   Description
-----------------------------------------------------------------------------
                  0.15    0.00    0.00   clock clk (rise edge)
                          0.00    0.00   clock network delay (ideal)
                          2.00    2.00 v input external delay
                  0.08    0.06    2.06 v rst (in)
     8    0.03                           rst (net)
                  0.08    0.00    2.06 v _44_/A (sky130_fd_sc_hd__inv_2)
                  0.03    0.06    2.11 ^ _44_/Y (sky130_fd_sc_hd__inv_2)
     1    0.00                           _10_ (net)
                  0.03    0.00    2.11 ^ _52_/RESET_B (sky130_fd_sc_hd__dfrtp_2)
                                  2.11   data arrival time

                  0.15   10.00   10.00   clock clk (rise edge)
                          0.00   10.00   clock network delay (ideal)
                         -0.25    9.75   clock uncertainty
                          0.00    9.75   clock reconvergence pessimism
                                  9.75 ^ _52_/CLK (sky130_fd_sc_hd__dfrtp_2)
                          0.26   10.01   library recovery time
                                 10.01   data required time
-----------------------------------------------------------------------------
                                 10.01   data required time
                                 -2.11   data arrival time
-----------------------------------------------------------------------------
                                  7.89   slack (MET)


Startpoint: rst (input port clocked by clk)
Endpoint: _53_ (recovery check against rising-edge clock clk)
Path Group: asynchronous
Path Type: max

Fanout     Cap    Slew   Delay    Time   Description
-----------------------------------------------------------------------------
                  0.15    0.00    0.00   clock clk (rise edge)
                          0.00    0.00   clock network delay (ideal)
                          2.00    2.00 v input external delay
                  0.08    0.06    2.06 v rst (in)
     8    0.03                           rst (net)
                  0.08    0.00    2.06 v _45_/A (sky130_fd_sc_hd__inv_2)
                  0.03    0.06    2.11 ^ _45_/Y (sky130_fd_sc_hd__inv_2)
     1    0.00                           _11_ (net)
                  0.03    0.00    2.11 ^ _53_/RESET_B (sky130_fd_sc_hd__dfrtp_2)
                                  2.11   data arrival time

                  0.15   10.00   10.00   clock clk (rise edge)
                          0.00   10.00   clock network delay (ideal)
                         -0.25    9.75   clock uncertainty
                          0.00    9.75   clock reconvergence pessimism
                                  9.75 ^ _53_/CLK (sky130_fd_sc_hd__dfrtp_2)
                          0.26   10.01   library recovery time
                                 10.01   data required time
-----------------------------------------------------------------------------
                                 10.01   data required time
                                 -2.11   data arrival time
-----------------------------------------------------------------------------
                                  7.89   slack (MET)


Startpoint: rst (input port clocked by clk)
Endpoint: _54_ (recovery check against rising-edge clock clk)
Path Group: asynchronous
Path Type: max

Fanout     Cap    Slew   Delay    Time   Description
-----------------------------------------------------------------------------
                  0.15    0.00    0.00   clock clk (rise edge)
                          0.00    0.00   clock network delay (ideal)
                          2.00    2.00 v input external delay
                  0.08    0.06    2.06 v rst (in)
     8    0.03                           rst (net)
                  0.08    0.00    2.06 v _46_/A (sky130_fd_sc_hd__inv_2)
                  0.03    0.06    2.11 ^ _46_/Y (sky130_fd_sc_hd__inv_2)
     1    0.00                           _12_ (net)
                  0.03    0.00    2.11 ^ _54_/RESET_B (sky130_fd_sc_hd__dfrtp_2)
                                  2.11   data arrival time

                  0.15   10.00   10.00   clock clk (rise edge)
                          0.00   10.00   clock network delay (ideal)
                         -0.25    9.75   clock uncertainty
                          0.00    9.75   clock reconvergence pessimism
                                  9.75 ^ _54_/CLK (sky130_fd_sc_hd__dfrtp_2)
                          0.26   10.01   library recovery time
                                 10.01   data required time
-----------------------------------------------------------------------------
                                 10.01   data required time
                                 -2.11   data arrival time
-----------------------------------------------------------------------------
                                  7.89   slack (MET)


Startpoint: rst (input port clocked by clk)
Endpoint: _55_ (recovery check against rising-edge clock clk)
Path Group: asynchronous
Path Type: max

Fanout     Cap    Slew   Delay    Time   Description
-----------------------------------------------------------------------------
                  0.15    0.00    0.00   clock clk (rise edge)
                          0.00    0.00   clock network delay (ideal)
                          2.00    2.00 v input external delay
                  0.08    0.06    2.06 v rst (in)
     8    0.03                           rst (net)
                  0.08    0.00    2.06 v _47_/A (sky130_fd_sc_hd__inv_2)
                  0.03    0.06    2.11 ^ _47_/Y (sky130_fd_sc_hd__inv_2)
     1    0.00                           _13_ (net)
                  0.03    0.00    2.11 ^ _55_/RESET_B (sky130_fd_sc_hd__dfrtp_2)
                                  2.11   data arrival time

                  0.15   10.00   10.00   clock clk (rise edge)
                          0.00   10.00   clock network delay (ideal)
                         -0.25    9.75   clock uncertainty
                          0.00    9.75   clock reconvergence pessimism
                                  9.75 ^ _55_/CLK (sky130_fd_sc_hd__dfrtp_2)
                          0.26   10.01   library recovery time
                                 10.01   data required time
-----------------------------------------------------------------------------
                                 10.01   data required time
                                 -2.11   data arrival time
-----------------------------------------------------------------------------
                                  7.89   slack (MET)


Startpoint: rst (input port clocked by clk)
Endpoint: _56_ (recovery check against rising-edge clock clk)
Path Group: asynchronous
Path Type: max

Fanout     Cap    Slew   Delay    Time   Description
-----------------------------------------------------------------------------
                  0.15    0.00    0.00   clock clk (rise edge)
                          0.00    0.00   clock network delay (ideal)
                          2.00    2.00 v input external delay
                  0.08    0.06    2.06 v rst (in)
     8    0.03                           rst (net)
                  0.08    0.00    2.06 v _48_/A (sky130_fd_sc_hd__inv_2)
                  0.03    0.06    2.11 ^ _48_/Y (sky130_fd_sc_hd__inv_2)
     1    0.00                           _14_ (net)
                  0.03    0.00    2.11 ^ _56_/RESET_B (sky130_fd_sc_hd__dfrtp_2)
                                  2.11   data arrival time

                  0.15   10.00   10.00   clock clk (rise edge)
                          0.00   10.00   clock network delay (ideal)
                         -0.25    9.75   clock uncertainty
                          0.00    9.75   clock reconvergence pessimism
                                  9.75 ^ _56_/CLK (sky130_fd_sc_hd__dfrtp_2)
                          0.26   10.01   library recovery time
                                 10.01   data required time
-----------------------------------------------------------------------------
                                 10.01   data required time
                                 -2.11   data arrival time
-----------------------------------------------------------------------------
                                  7.89   slack (MET)


Startpoint: rst (input port clocked by clk)
Endpoint: _57_ (recovery check against rising-edge clock clk)
Path Group: asynchronous
Path Type: max

Fanout     Cap    Slew   Delay    Time   Description
-----------------------------------------------------------------------------
                  0.15    0.00    0.00   clock clk (rise edge)
                          0.00    0.00   clock network delay (ideal)
                          2.00    2.00 v input external delay
                  0.08    0.06    2.06 v rst (in)
     8    0.03                           rst (net)
                  0.08    0.00    2.06 v _49_/A (sky130_fd_sc_hd__inv_2)
                  0.03    0.06    2.11 ^ _49_/Y (sky130_fd_sc_hd__inv_2)
     1    0.00                           _15_ (net)
                  0.03    0.00    2.11 ^ _57_/RESET_B (sky130_fd_sc_hd__dfrtp_2)
                                  2.11   data arrival time

                  0.15   10.00   10.00   clock clk (rise edge)
                          0.00   10.00   clock network delay (ideal)
                         -0.25    9.75   clock uncertainty
                          0.00    9.75   clock reconvergence pessimism
                                  9.75 ^ _57_/CLK (sky130_fd_sc_hd__dfrtp_2)
                          0.26   10.01   library recovery time
                                 10.01   data required time
-----------------------------------------------------------------------------
                                 10.01   data required time
                                 -2.11   data arrival time
-----------------------------------------------------------------------------
                                  7.89   slack (MET)


Startpoint: _52_ (rising edge-triggered flip-flop clocked by clk)
Endpoint: _57_ (rising edge-triggered flip-flop clocked by clk)
Path Group: clk
Path Type: max

Fanout     Cap    Slew   Delay    Time   Description
-----------------------------------------------------------------------------
                  0.15    0.00    0.00   clock clk (rise edge)
                          0.00    0.00   clock network delay (ideal)
                  0.15    0.00    0.00 ^ _52_/CLK (sky130_fd_sc_hd__dfrtp_2)
                  0.14    0.56    0.56 v _52_/Q (sky130_fd_sc_hd__dfrtp_2)
     4    0.05                           debug_out[2] (net)
                  0.14    0.00    0.56 v _31_/C (sky130_fd_sc_hd__and4_2)
                  0.07    0.32    0.87 v _31_/X (sky130_fd_sc_hd__and4_2)
     5    0.02                           _19_ (net)
                  0.07    0.00    0.87 v _40_/D (sky130_fd_sc_hd__and4_2)
                  0.05    0.27    1.14 v _40_/X (sky130_fd_sc_hd__and4_2)
     1    0.01                           _24_ (net)
                  0.05    0.00    1.14 v _41_/B (sky130_fd_sc_hd__xor2_2)
                  0.05    0.14    1.28 v _41_/X (sky130_fd_sc_hd__xor2_2)
     1    0.00                           _07_ (net)
                  0.05    0.00    1.28 v _57_/D (sky130_fd_sc_hd__dfrtp_2)
                                  1.28   data arrival time

                  0.15   10.00   10.00   clock clk (rise edge)
                          0.00   10.00   clock network delay (ideal)
                         -0.25    9.75   clock uncertainty
                          0.00    9.75   clock reconvergence pessimism
                                  9.75 ^ _57_/CLK (sky130_fd_sc_hd__dfrtp_2)
                         -0.09    9.66   library setup time
                                  9.66   data required time
-----------------------------------------------------------------------------
                                  9.66   data required time
                                 -1.28   data arrival time
-----------------------------------------------------------------------------
                                  8.38   slack (MET)


Startpoint: _52_ (rising edge-triggered flip-flop clocked by clk)
Endpoint: _56_ (rising edge-triggered flip-flop clocked by clk)
Path Group: clk
Path Type: max

Fanout     Cap    Slew   Delay    Time   Description
-----------------------------------------------------------------------------
                  0.15    0.00    0.00   clock clk (rise edge)
                          0.00    0.00   clock network delay (ideal)
                  0.15    0.00    0.00 ^ _52_/CLK (sky130_fd_sc_hd__dfrtp_2)
                  0.14    0.56    0.56 v _52_/Q (sky130_fd_sc_hd__dfrtp_2)
     4    0.05                           debug_out[2] (net)
                  0.14    0.00    0.56 v _31_/C (sky130_fd_sc_hd__and4_2)
                  0.07    0.32    0.87 v _31_/X (sky130_fd_sc_hd__and4_2)
     5    0.02                           _19_ (net)
                  0.07    0.00    0.87 v _36_/C (sky130_fd_sc_hd__and3_2)
                  0.06    0.26    1.13 v _36_/X (sky130_fd_sc_hd__and3_2)
     2    0.01                           _22_ (net)
                  0.06    0.00    1.13 v _39_/B (sky130_fd_sc_hd__xor2_2)
                  0.05    0.14    1.27 v _39_/X (sky130_fd_sc_hd__xor2_2)
     1    0.00                           _06_ (net)
                  0.05    0.00    1.27 v _56_/D (sky130_fd_sc_hd__dfrtp_2)
                                  1.27   data arrival time

                  0.15   10.00   10.00   clock clk (rise edge)
                          0.00   10.00   clock network delay (ideal)
                         -0.25    9.75   clock uncertainty
                          0.00    9.75   clock reconvergence pessimism
                                  9.75 ^ _56_/CLK (sky130_fd_sc_hd__dfrtp_2)
                         -0.09    9.66   library setup time
                                  9.66   data required time
-----------------------------------------------------------------------------
                                  9.66   data required time
                                 -1.27   data arrival time
-----------------------------------------------------------------------------
                                  8.38   slack (MET)


Startpoint: _50_ (rising edge-triggered flip-flop clocked by clk)
Endpoint: _53_ (rising edge-triggered flip-flop clocked by clk)
Path Group: clk
Path Type: max

Fanout     Cap    Slew   Delay    Time   Description
-----------------------------------------------------------------------------
                  0.15    0.00    0.00   clock clk (rise edge)
                          0.00    0.00   clock network delay (ideal)
                  0.15    0.00    0.00 ^ _50_/CLK (sky130_fd_sc_hd__dfrtp_2)
                  0.24    0.56    0.56 ^ _50_/Q (sky130_fd_sc_hd__dfrtp_2)
     6    0.05                           debug_out[0] (net)
                  0.24    0.00    0.56 ^ _31_/A (sky130_fd_sc_hd__and4_2)
                  0.13    0.34    0.90 ^ _31_/X (sky130_fd_sc_hd__and4_2)
     5    0.02                           _19_ (net)
                  0.13    0.00    0.90 ^ _33_/A_N (sky130_fd_sc_hd__and2b_2)
                  0.03    0.23    1.13 v _33_/X (sky130_fd_sc_hd__and2b_2)
     1    0.00                           _21_ (net)
                  0.03    0.00    1.13 v _34_/A (sky130_fd_sc_hd__buf_1)
                  0.02    0.08    1.21 v _34_/X (sky130_fd_sc_hd__buf_1)
     1    0.00                           _03_ (net)
                  0.02    0.00    1.21 v _53_/D (sky130_fd_sc_hd__dfrtp_2)
                                  1.21   data arrival time

                  0.15   10.00   10.00   clock clk (rise edge)
                          0.00   10.00   clock network delay (ideal)
                         -0.25    9.75   clock uncertainty
                          0.00    9.75   clock reconvergence pessimism
                                  9.75 ^ _53_/CLK (sky130_fd_sc_hd__dfrtp_2)
                         -0.08    9.67   library setup time
                                  9.67   data required time
-----------------------------------------------------------------------------
                                  9.67   data required time
                                 -1.21   data arrival time
-----------------------------------------------------------------------------
                                  8.45   slack (MET)


Startpoint: _52_ (rising edge-triggered flip-flop clocked by clk)
Endpoint: _55_ (rising edge-triggered flip-flop clocked by clk)
Path Group: clk
Path Type: max

Fanout     Cap    Slew   Delay    Time   Description
-----------------------------------------------------------------------------
                  0.15    0.00    0.00   clock clk (rise edge)
                          0.00    0.00   clock network delay (ideal)
                  0.15    0.00    0.00 ^ _52_/CLK (sky130_fd_sc_hd__dfrtp_2)
                  0.14    0.56    0.56 v _52_/Q (sky130_fd_sc_hd__dfrtp_2)
     4    0.05                           debug_out[2] (net)
                  0.14    0.00    0.56 v _31_/C (sky130_fd_sc_hd__and4_2)
                  0.07    0.32    0.87 v _31_/X (sky130_fd_sc_hd__and4_2)
     5    0.02                           _19_ (net)
                  0.07    0.00    0.87 v _36_/C (sky130_fd_sc_hd__and3_2)
                  0.06    0.26    1.13 v _36_/X (sky130_fd_sc_hd__and3_2)
     2    0.01                           _22_ (net)
                  0.06    0.00    1.13 v _38_/A (sky130_fd_sc_hd__nor2_2)
                  0.06    0.10    1.23 ^ _38_/Y (sky130_fd_sc_hd__nor2_2)
     1    0.00                           _05_ (net)
                  0.06    0.00    1.23 ^ _55_/D (sky130_fd_sc_hd__dfrtp_2)
                                  1.23   data arrival time

                  0.15   10.00   10.00   clock clk (rise edge)
                          0.00   10.00   clock network delay (ideal)
                         -0.25    9.75   clock uncertainty
                          0.00    9.75   clock reconvergence pessimism
                                  9.75 ^ _55_/CLK (sky130_fd_sc_hd__dfrtp_2)
                         -0.05    9.70   library setup time
                                  9.70   data required time
-----------------------------------------------------------------------------
                                  9.70   data required time
                                 -1.23   data arrival time
-----------------------------------------------------------------------------
                                  8.47   slack (MET)


Startpoint: _50_ (rising edge-triggered flip-flop clocked by clk)
Endpoint: _51_ (rising edge-triggered flip-flop clocked by clk)
Path Group: clk
Path Type: max

Fanout     Cap    Slew   Delay    Time   Description
-----------------------------------------------------------------------------
                  0.15    0.00    0.00   clock clk (rise edge)
                          0.00    0.00   clock network delay (ideal)
                  0.15    0.00    0.00 ^ _50_/CLK (sky130_fd_sc_hd__dfrtp_2)
                  0.14    0.56    0.56 v _50_/Q (sky130_fd_sc_hd__dfrtp_2)
     6    0.05                           debug_out[0] (net)
                  0.14    0.00    0.56 v _27_/A (sky130_fd_sc_hd__or2_2)
                  0.05    0.33    0.89 v _27_/X (sky130_fd_sc_hd__or2_2)
     1    0.00                           _17_ (net)
                  0.05    0.00    0.89 v _28_/B (sky130_fd_sc_hd__and2_2)
                  0.03    0.19    1.08 v _28_/X (sky130_fd_sc_hd__and2_2)
     1    0.00                           _18_ (net)
                  0.03    0.00    1.08 v _29_/A (sky130_fd_sc_hd__buf_1)
                  0.02    0.08    1.16 v _29_/X (sky130_fd_sc_hd__buf_1)
     1    0.00                           _01_ (net)
                  0.02    0.00    1.16 v _51_/D (sky130_fd_sc_hd__dfrtp_2)
                                  1.16   data arrival time

                  0.15   10.00   10.00   clock clk (rise edge)
                          0.00   10.00   clock network delay (ideal)
                         -0.25    9.75   clock uncertainty
                          0.00    9.75   clock reconvergence pessimism
                                  9.75 ^ _51_/CLK (sky130_fd_sc_hd__dfrtp_2)
                         -0.08    9.67   library setup time
                                  9.67   data required time
-----------------------------------------------------------------------------
                                  9.67   data required time
                                 -1.16   data arrival time
-----------------------------------------------------------------------------
                                  8.51   slack (MET)


Startpoint: _52_ (rising edge-triggered flip-flop clocked by clk)
Endpoint: _54_ (rising edge-triggered flip-flop clocked by clk)
Path Group: clk
Path Type: max

Fanout     Cap    Slew   Delay    Time   Description
-----------------------------------------------------------------------------
                  0.15    0.00    0.00   clock clk (rise edge)
                          0.00    0.00   clock network delay (ideal)
                  0.15    0.00    0.00 ^ _52_/CLK (sky130_fd_sc_hd__dfrtp_2)
                  0.14    0.56    0.56 v _52_/Q (sky130_fd_sc_hd__dfrtp_2)
     4    0.05                           debug_out[2] (net)
                  0.14    0.00    0.56 v _31_/C (sky130_fd_sc_hd__and4_2)
                  0.07    0.32    0.87 v _31_/X (sky130_fd_sc_hd__and4_2)
     5    0.02                           _19_ (net)
                  0.07    0.00    0.87 v _35_/B (sky130_fd_sc_hd__xor2_2)
                  0.06    0.15    1.02 v _35_/X (sky130_fd_sc_hd__xor2_2)
     1    0.00                           _04_ (net)
                  0.06    0.00    1.02 v _54_/D (sky130_fd_sc_hd__dfrtp_2)
                                  1.02   data arrival time

                  0.15   10.00   10.00   clock clk (rise edge)
                          0.00   10.00   clock network delay (ideal)
                         -0.25    9.75   clock uncertainty
                          0.00    9.75   clock reconvergence pessimism
                                  9.75 ^ _54_/CLK (sky130_fd_sc_hd__dfrtp_2)
                         -0.10    9.65   library setup time
                                  9.65   data required time
-----------------------------------------------------------------------------
                                  9.65   data required time
                                 -1.02   data arrival time
-----------------------------------------------------------------------------
                                  8.63   slack (MET)


Startpoint: _50_ (rising edge-triggered flip-flop clocked by clk)
Endpoint: _52_ (rising edge-triggered flip-flop clocked by clk)
Path Group: clk
Path Type: max

Fanout     Cap    Slew   Delay    Time   Description
-----------------------------------------------------------------------------
                  0.15    0.00    0.00   clock clk (rise edge)
                          0.00    0.00   clock network delay (ideal)
                  0.15    0.00    0.00 ^ _50_/CLK (sky130_fd_sc_hd__dfrtp_2)
                  0.24    0.56    0.56 ^ _50_/Q (sky130_fd_sc_hd__dfrtp_2)
     6    0.05                           debug_out[0] (net)
                  0.24    0.00    0.56 ^ _26_/A (sky130_fd_sc_hd__nand2_2)
                  0.08    0.10    0.66 v _26_/Y (sky130_fd_sc_hd__nand2_2)
     2    0.01                           _16_ (net)
                  0.08    0.00    0.66 v _30_/B (sky130_fd_sc_hd__xnor2_2)
                  0.05    0.14    0.80 v _30_/Y (sky130_fd_sc_hd__xnor2_2)
     1    0.00                           _02_ (net)
                  0.05    0.00    0.80 v _52_/D (sky130_fd_sc_hd__dfrtp_2)
                                  0.80   data arrival time

                  0.15   10.00   10.00   clock clk (rise edge)
                          0.00   10.00   clock network delay (ideal)
                         -0.25    9.75   clock uncertainty
                          0.00    9.75   clock reconvergence pessimism
                                  9.75 ^ _52_/CLK (sky130_fd_sc_hd__dfrtp_2)
                         -0.09    9.66   library setup time
                                  9.66   data required time
-----------------------------------------------------------------------------
                                  9.66   data required time
                                 -0.80   data arrival time
-----------------------------------------------------------------------------
                                  8.85   slack (MET)


Startpoint: _50_ (rising edge-triggered flip-flop clocked by clk)
Endpoint: _50_ (rising edge-triggered flip-flop clocked by clk)
Path Group: clk
Path Type: max

Fanout     Cap    Slew   Delay    Time   Description
-----------------------------------------------------------------------------
                  0.15    0.00    0.00   clock clk (rise edge)
                          0.00    0.00   clock network delay (ideal)
                  0.15    0.00    0.00 ^ _50_/CLK (sky130_fd_sc_hd__dfrtp_2)
                  0.24    0.56    0.56 ^ _50_/Q (sky130_fd_sc_hd__dfrtp_2)
     6    0.05                           debug_out[0] (net)
                  0.24    0.00    0.56 ^ _25_/A (sky130_fd_sc_hd__inv_2)
                  0.04    0.04    0.60 v _25_/Y (sky130_fd_sc_hd__inv_2)
     1    0.00                           _00_ (net)
                  0.04    0.00    0.60 v _50_/D (sky130_fd_sc_hd__dfrtp_2)
                                  0.60   data arrival time

                  0.15   10.00   10.00   clock clk (rise edge)
                          0.00   10.00   clock network delay (ideal)
                         -0.25    9.75   clock uncertainty
                          0.00    9.75   clock reconvergence pessimism
                                  9.75 ^ _50_/CLK (sky130_fd_sc_hd__dfrtp_2)
                         -0.09    9.66   library setup time
                                  9.66   data required time
-----------------------------------------------------------------------------
                                  9.66   data required time
                                 -0.60   data arrival time
-----------------------------------------------------------------------------
                                  9.06   slack (MET)



max_report_end
checks_report

===========================================================================
report_checks -unconstrained
===========================================================================
======================= Typical Corner ===================================

Startpoint: rst (input port clocked by clk)
Endpoint: _50_ (recovery check against rising-edge clock clk)
Path Group: asynchronous
Path Type: max

Fanout     Cap    Slew   Delay    Time   Description
-----------------------------------------------------------------------------
                  0.15    0.00    0.00   clock clk (rise edge)
                          0.00    0.00   clock network delay (ideal)
                          2.00    2.00 v input external delay
                  0.08    0.06    2.06 v rst (in)
     8    0.03                           rst (net)
                  0.08    0.00    2.06 v _42_/A (sky130_fd_sc_hd__inv_2)
                  0.03    0.06    2.11 ^ _42_/Y (sky130_fd_sc_hd__inv_2)
     1    0.00                           _08_ (net)
                  0.03    0.00    2.11 ^ _50_/RESET_B (sky130_fd_sc_hd__dfrtp_2)
                                  2.11   data arrival time

                  0.15   10.00   10.00   clock clk (rise edge)
                          0.00   10.00   clock network delay (ideal)
                         -0.25    9.75   clock uncertainty
                          0.00    9.75   clock reconvergence pessimism
                                  9.75 ^ _50_/CLK (sky130_fd_sc_hd__dfrtp_2)
                          0.26   10.01   library recovery time
                                 10.01   data required time
-----------------------------------------------------------------------------
                                 10.01   data required time
                                 -2.11   data arrival time
-----------------------------------------------------------------------------
                                  7.89   slack (MET)


Startpoint: _54_ (rising edge-triggered flip-flop clocked by clk)
Endpoint: debug_out[4] (output port clocked by clk)
Path Group: clk
Path Type: max

Fanout     Cap    Slew   Delay    Time   Description
-----------------------------------------------------------------------------
                  0.15    0.00    0.00   clock clk (rise edge)
                          0.00    0.00   clock network delay (ideal)
                  0.15    0.00    0.00 ^ _54_/CLK (sky130_fd_sc_hd__dfrtp_2)
                  0.25    0.57    0.57 ^ _54_/Q (sky130_fd_sc_hd__dfrtp_2)
     5    0.05                           debug_out[4] (net)
                  0.25    0.00    0.57 ^ debug_out[4] (out)
                                  0.57   data arrival time

                  0.15   10.00   10.00   clock clk (rise edge)
                          0.00   10.00   clock network delay (ideal)
                         -0.25    9.75   clock uncertainty
                          0.00    9.75   clock reconvergence pessimism
                         -2.00    7.75   output external delay
                                  7.75   data required time
-----------------------------------------------------------------------------
                                  7.75   data required time
                                 -0.57   data arrival time
-----------------------------------------------------------------------------
                                  7.18   slack (MET)




===========================================================================
report_checks --slack_max -0.01
============================================================================
======================= Typical Corner ===================================

No paths found.


===========================================================================
 report_check_types -max_slew -max_cap -max_fanout -violators
============================================================================
======================= Typical Corner ===================================



===========================================================================
report_parasitic_annotation -report_unannotated
============================================================================
Found 35 unannotated drivers.
 clk
 rst
 _25_/Y
 _26_/Y
 _27_/X
 _28_/X
 _29_/X
 _30_/Y
 _31_/X
 _32_/X
 _33_/X
 _34_/X
 _35_/X
 _36_/X
 _37_/Y
 _38_/Y
 _39_/X
 _40_/X
 _41_/X
 _42_/Y
 _43_/Y
 _44_/Y
 _45_/Y
 _46_/Y
 _47_/Y
 _48_/Y
 _49_/Y
 _50_/Q
 _51_/Q
 _52_/Q
 _53_/Q
 _54_/Q
 _55_/Q
 _56_/Q
 _57_/Q
Found 0 partially unannotated drivers.

===========================================================================
max slew violation count 0
max fanout violation count 0
max cap violation count 0
============================================================================

===========================================================================
check_setup -verbose -unconstrained_endpoints -multiple_clock -no_clock -no_input_delay -loops -generated_clocks
===========================================================================
checks_report_end
power_report

===========================================================================
 report_power
============================================================================
======================= Typical Corner ===================================

Group                  Internal  Switching    Leakage      Total
                          Power      Power      Power      Power (Watts)
----------------------------------------------------------------
Sequential             3.75e-05   3.20e-05   8.53e-11   6.95e-05  81.7%
Combinational          1.14e-05   4.21e-06   9.71e-11   1.56e-05  18.3%
Macro                  0.00e+00   0.00e+00   0.00e+00   0.00e+00   0.0%
Pad                    0.00e+00   0.00e+00   0.00e+00   0.00e+00   0.0%
----------------------------------------------------------------
Total                  4.89e-05   3.62e-05   1.82e-10   8.51e-05 100.0%
                          57.4%      42.6%       0.0%

power_report_end
skew_report

===========================================================================
report_clock_skew
============================================================================
Clock clk
Latency      CRPR       Skew
_50_/CLK ^
   0.05
_50_/CLK ^
   0.05      0.00       0.00

skew_report_end
summary_report

===========================================================================
report_tns
============================================================================
tns 0.00

===========================================================================
report_wns
============================================================================
wns 0.00

===========================================================================
report_worst_slack -max (Setup)
============================================================================
worst slack 7.18

===========================================================================
report_worst_slack -min (Hold)
============================================================================
worst slack 0.31
summary_report_end
[WARNING] Did not save OpenROAD database!
Writing SDF to '/openlane/designs/noc_router/runs/RUN_2026.05.30_11.05.29/results/synthesis/noc_top.sdf'…
