
===========================================================================
 report_power
============================================================================
======================= Fastest Corner ===================================

Group                  Internal  Switching    Leakage      Total
                          Power      Power      Power      Power (Watts)
----------------------------------------------------------------
Sequential             4.60e-05   1.02e-05   3.78e-08   5.62e-05  27.8%
Combinational          8.91e-05   5.72e-05   6.97e-10   1.46e-04  72.2%
Macro                  0.00e+00   0.00e+00   0.00e+00   0.00e+00   0.0%
Pad                    0.00e+00   0.00e+00   0.00e+00   0.00e+00   0.0%
----------------------------------------------------------------
Total                  1.35e-04   6.74e-05   3.85e-08   2.03e-04 100.0%
                          66.7%      33.3%       0.0%

======================= Slowest Corner ===================================

Group                  Internal  Switching    Leakage      Total
                          Power      Power      Power      Power (Watts)
----------------------------------------------------------------
Sequential             3.10e-05   6.59e-06   1.51e-07   3.77e-05  27.2%
Combinational          6.31e-05   3.78e-05   2.54e-07   1.01e-04  72.8%
Macro                  0.00e+00   0.00e+00   0.00e+00   0.00e+00   0.0%
Pad                    0.00e+00   0.00e+00   0.00e+00   0.00e+00   0.0%
----------------------------------------------------------------
Total                  9.41e-05   4.44e-05   4.05e-07   1.39e-04 100.0%
                          67.7%      32.0%       0.3%

======================= Typical Corner ===================================

Group                  Internal  Switching    Leakage      Total
                          Power      Power      Power      Power (Watts)
----------------------------------------------------------------
Sequential             3.97e-05   8.48e-06   3.78e-08   4.82e-05  27.7%
Combinational          7.78e-05   4.84e-05   2.85e-10   1.26e-04  72.3%
Macro                  0.00e+00   0.00e+00   0.00e+00   0.00e+00   0.0%
Pad                    0.00e+00   0.00e+00   0.00e+00   0.00e+00   0.0%
----------------------------------------------------------------
Total                  1.18e-04   5.69e-05   3.80e-08   1.74e-04 100.0%
                          67.4%      32.6%       0.0%

