[INFO]: Run Directory: /openlane/designs/noc_router/runs/RUN_2026.05.30_11.02.00
[INFO]: Saving runtime environment...
[INFO]: Preparing LEF files for the nom corner...
[INFO]: Preparing LEF files for the min corner...
[INFO]: Preparing LEF files for the max corner...
[INFO]: Running linter (Verilator) (log: designs/noc_router/runs/RUN_2026.05.30_11.02.00/logs/synthesis/linter.log)...
[INFO]: 0 errors found by linter
[WARNING]: 2 warnings found by linter
[INFO]: Running Synthesis (log: designs/noc_router/runs/RUN_2026.05.30_11.02.00/logs/synthesis/1-synthesis.log)...
[ERROR]: during executing yosys script /openlane/scripts/yosys/synth.tcl
[ERROR]: Log: designs/noc_router/runs/RUN_2026.05.30_11.02.00/logs/synthesis/1-synthesis.log
[ERROR]: Last 10 lines:
45. Executing CHECK pass (checking for obvious problems).
Checking module noc_top...
Found and reported 0 problems.

46. Generating Graphviz representation of design.
Writing dot description to `/openlane/designs/noc_router/runs/RUN_2026.05.30_11.02.00/tmp/synthesis/post_techmap.dot'.
Skipping empty module noc_top.
ERROR: Nothing there to show.
ERROR: TCL interpreter returned an error: Yosys command produced an error
child process exited abnormally

[ERROR]: Creating issue reproducible...
[INFO]: Saving runtime environment...
[INFO]: Reproducible packaged: Please tarball and upload 'designs/noc_router/runs/RUN_2026.05.30_11.02.00/issue_reproducible' if you're going to submit an issue.
[ERROR]: Step 1 (synthesis) failed with error:
-code 1 -level 0 -errorcode NONE -errorinfo {
    while executing
"throw_error"
    (procedure "run_tcl_script" line 219)
    invoked from within
"run_tcl_script -tool yosys -no_consume {*}$args"
    (procedure "run_yosys_script" line 2)
    invoked from within
"run_yosys_script $::env(SYNTH_SCRIPT) -indexed_log $arg_values(-indexed_log)"
    (procedure "run_yosys" line 44)
    invoked from within
"run_yosys -indexed_log $log"
    (procedure "run_synthesis" line 13)
    invoked from within
"run_synthesis"} -errorline 1
[INFO]: Saving current set of views in 'designs/noc_router/runs/RUN_2026.05.30_11.02.00/results/final'...
[INFO]: Generating final set of reports...
[INFO]: Created manufacturability report at 'designs/noc_router/runs/RUN_2026.05.30_11.02.00/reports/manufacturability.rpt'.
[INFO]: Created metrics report at 'designs/noc_router/runs/RUN_2026.05.30_11.02.00/reports/metrics.csv'.
[INFO]: Saving runtime environment...
[ERROR]: Flow failed.
[INFO]: The failure may have been because of the following warnings:
