[ERROR]: during executing yosys script /openlane/scripts/yosys/synth.tcl
[ERROR]: Log: designs/noc_router/runs/RUN_2026.05.30_10.57.21/logs/synthesis/1-synthesis.log
[ERROR]: Last 10 lines:
Generating RTLIL representation for module `\router'.
Successfully finished Verilog frontend.

4. Executing Verilog-2005 frontend: /openlane/designs/noc_router/src/tb_noc.v
Parsing SystemVerilog input from `/openlane/designs/noc_router/src/tb_noc.v' to AST representation.
Generating RTLIL representation for module `\tb'.
/openlane/designs/noc_router/src/tb_noc.v:0: Warning: Ignoring call to system task $dumpfile.
/openlane/designs/noc_router/src/tb_noc.v:0: Warning: Ignoring call to system task $dumpvars.
/openlane/designs/noc_router/src/tb_noc.v:0: ERROR: System task `$finish' executed.
child process exited abnormally

[ERROR]: Creating issue reproducible...
[ERROR]: Step 1 (synthesis) failed with error:
-code 1 -level 0 -errorcode NONE -errorinfo {
    while executing
"throw_error"
    (procedure "run_tcl_script" line 219)
    invoked from within
"run_tcl_script -tool yosys -no_consume {*}$args"
    (procedure "run_yosys_script" line 2)
    invoked from within
"run_yosys_script $::env(SYNTH_SCRIPT) -indexed_log $arg_values(-indexed_log)"
    (procedure "run_yosys" line 44)
    invoked from within
"run_yosys -indexed_log $log"
    (procedure "run_synthesis" line 13)
    invoked from within
"run_synthesis"} -errorline 1
[ERROR]: Flow failed.
