
===========================================================================
 report_power
============================================================================
======================= Fastest Corner ===================================

Group                  Internal  Switching    Leakage      Total
                          Power      Power      Power      Power (Watts)
----------------------------------------------------------------
Sequential             4.61e-05   9.77e-06   3.78e-08   5.59e-05  27.8%
Combinational          8.91e-05   5.64e-05   6.97e-10   1.45e-04  72.2%
Macro                  0.00e+00   0.00e+00   0.00e+00   0.00e+00   0.0%
Pad                    0.00e+00   0.00e+00   0.00e+00   0.00e+00   0.0%
----------------------------------------------------------------
Total                  1.35e-04   6.62e-05   3.85e-08   2.01e-04 100.0%
                          67.1%      32.9%       0.0%

======================= Slowest Corner ===================================

Group                  Internal  Switching    Leakage      Total
                          Power      Power      Power      Power (Watts)
----------------------------------------------------------------
Sequential             3.10e-05   6.33e-06   1.51e-07   3.75e-05  27.2%
Combinational          6.31e-05   3.73e-05   2.54e-07   1.01e-04  72.8%
Macro                  0.00e+00   0.00e+00   0.00e+00   0.00e+00   0.0%
Pad                    0.00e+00   0.00e+00   0.00e+00   0.00e+00   0.0%
----------------------------------------------------------------
Total                  9.41e-05   4.36e-05   4.05e-07   1.38e-04 100.0%
                          68.1%      31.6%       0.3%

======================= Typical Corner ===================================

Group                  Internal  Switching    Leakage      Total
                          Power      Power      Power      Power (Watts)
----------------------------------------------------------------
Sequential             3.98e-05   8.14e-06   3.78e-08   4.80e-05  27.7%
Combinational          7.78e-05   4.77e-05   2.85e-10   1.25e-04  72.3%
Macro                  0.00e+00   0.00e+00   0.00e+00   0.00e+00   0.0%
Pad                    0.00e+00   0.00e+00   0.00e+00   0.00e+00   0.0%
----------------------------------------------------------------
Total                  1.18e-04   5.58e-05   3.80e-08   1.73e-04 100.0%
                          67.8%      32.2%       0.0%

