OpenROAD 41a51eaf4ca2171c92ff38afb91eb37bbd3f36da 
This program is licensed under the BSD-3 license. See the LICENSE file for details.
Components of this program may be licensed under more restrictive licenses which must be honored.
[INFO]: Reading ODB at '/openlane/designs/noc_router/runs/RUN_2026.05.30_11.05.29/results/cts/noc_top.odb'…
define_corners Slowest Typical Fastest
read_liberty -corner Slowest /home/puvvadakarthikchowdary/.volare/sky130A/libs.ref/sky130_fd_sc_hd/lib/sky130_fd_sc_hd__ss_100C_1v60.lib
read_liberty -corner Typical /home/puvvadakarthikchowdary/.volare/sky130A/libs.ref/sky130_fd_sc_hd/lib/sky130_fd_sc_hd__tt_025C_1v80.lib
read_liberty -corner Fastest /home/puvvadakarthikchowdary/.volare/sky130A/libs.ref/sky130_fd_sc_hd/lib/sky130_fd_sc_hd__ff_n40C_1v95.lib
Using 1e-12 for capacitance...
Using 1e+03 for resistance...
Using 1e-09 for time...
Using 1e+00 for voltage...
Using 1e-03 for current...
Using 1e-09 for power...
Using 1e-06 for distance...
Reading design constraints file at '/openlane/designs/noc_router/runs/RUN_2026.05.30_11.05.29/results/cts/noc_top.sdc'…
[INFO]: Setting RC values...
[INFO RSZ-0046] Found 6 endpoints with hold violations.
[INFO RSZ-0032] Inserted 6 hold buffers.
Placement Analysis
---------------------------------
total displacement         57.8 u
average displacement        0.7 u
max displacement            6.4 u
original HPWL             639.8 u
legalized HPWL            749.0 u
delta HPWL                   17 %

[INFO DPL-0020] Mirrored 29 instances
[INFO DPL-0021] HPWL before             749.0 u
[INFO DPL-0022] HPWL after              685.3 u
[INFO DPL-0023] HPWL delta               -8.5 %
Setting global connections for newly added cells…
Writing OpenROAD database to '/openlane/designs/noc_router/runs/RUN_2026.05.30_11.05.29/tmp/cts/14-noc_top.resized.odb'…
Writing netlist to '/openlane/designs/noc_router/runs/RUN_2026.05.30_11.05.29/tmp/cts/14-noc_top.resized.nl.v'…
Writing powered netlist to '/openlane/designs/noc_router/runs/RUN_2026.05.30_11.05.29/tmp/cts/14-noc_top.resized.pnl.v'…
Writing layout to '/openlane/designs/noc_router/runs/RUN_2026.05.30_11.05.29/tmp/cts/14-noc_top.resized.def'…
Writing timing constraints to '/openlane/designs/noc_router/runs/RUN_2026.05.30_11.05.29/tmp/cts/14-noc_top.resized.sdc'…
area_report

===========================================================================
report_design_area
============================================================================
Design area 551 u^2 72% utilization.
area_report_end
